#
# There is insufficient memory for the Java Runtime Environment to continue.
# Native memory allocation (malloc) failed to allocate 196496 bytes. Error detail: Chunk::new
# Possible reasons:
#   The system is out of physical RAM or swap space
#   This process is running with CompressedOops enabled, and the Java Heap may be blocking the growth of the native heap
# Possible solutions:
#   Reduce memory load on the system
#   Increase physical memory or swap space
#   Check if swap backing store is full
#   Decrease Java heap size (-Xmx/-Xms)
#   Decrease number of Java threads
#   Decrease Java thread stack sizes (-Xss)
#   Set larger code cache with -XX:ReservedCodeCacheSize=
#   JVM is running with Unscaled Compressed Oops mode in which the Java heap is
#     placed in the first 4GB address space. The Java Heap base address is the
#     maximum limit for the native heap growth. Please use -XX:HeapBaseMinAddress
#     to set the Java Heap base and to place the Java Heap above 4GB virtual address.
# This output file may be truncated or incomplete.
#
#  Out of Memory Error (arena.cpp:150), pid=2376, tid=17468
#
# JRE version: OpenJDK Runtime Environment (22.0.2+9) (build 22.0.2+9-70)
# Java VM: OpenJDK 64-Bit Server VM (22.0.2+9-70, mixed mode, sharing, tiered, compressed oops, compressed class ptrs, g1 gc, windows-amd64)
# No core dump will be written. Minidumps are not enabled by default on client versions of Windows
#

---------------  S U M M A R Y ------------

Command Line: --add-opens=java.base/java.lang=ALL-UNNAMED --add-opens=java.base/java.lang.invoke=ALL-UNNAMED --add-opens=java.base/java.util=ALL-UNNAMED --add-opens=java.prefs/java.util.prefs=ALL-UNNAMED --add-exports=jdk.compiler/com.sun.tools.javac.api=ALL-UNNAMED --add-exports=jdk.compiler/com.sun.tools.javac.util=ALL-UNNAMED --add-opens=java.base/java.util=ALL-UNNAMED --add-opens=java.prefs/java.util.prefs=ALL-UNNAMED --add-opens=java.base/java.nio.charset=ALL-UNNAMED --add-opens=java.base/java.net=ALL-UNNAMED --add-opens=java.base/java.util.concurrent.atomic=ALL-UNNAMED --add-opens=java.xml/javax.xml.namespace=ALL-UNNAMED -XX:MaxMetaspaceSize=384m -XX:+HeapDumpOnOutOfMemoryError -Xms256m -Xmx512m -Dfile.encoding=windows-1252 -Duser.country=US -Duser.language=en -Duser.variant -javaagent:C:\gradle-8.12\lib\agents\gradle-instrumentation-agent-8.12.jar org.gradle.launcher.daemon.bootstrap.GradleDaemon 8.12

Host: 12th Gen Intel(R) Core(TM) i7-1260P, 16 cores, 15G,  Windows 11 , 64 bit Build 22621 (10.0.22621.5124)
Time: Sun Apr 27 03:43:44 2025 SE Asia Standard Time elapsed time: 1.466111 seconds (0d 0h 0m 1s)

---------------  T H R E A D  ---------------

Current thread (0x000002eef23caad0):  JavaThread "C2 CompilerThread3" daemon [_thread_in_native, id=17468, stack(0x000000f62f500000,0x000000f62f600000) (1024K)]


Current CompileTask:
C2:1466 2870       4       jdk.internal.org.objectweb.asm.Frame::getAbstractTypeFromDescriptor (415 bytes)

Stack: [0x000000f62f500000,0x000000f62f600000]
Native frames: (J=compiled Java code, j=interpreted, Vv=VM code, C=native code)
V  [jvm.dll+0x6e26e9]  (no source info available)
V  [jvm.dll+0x875753]  (no source info available)
V  [jvm.dll+0x877b7e]  (no source info available)
V  [jvm.dll+0x878253]  (no source info available)
V  [jvm.dll+0x27fc86]  (no source info available)
V  [jvm.dll+0xc3d0f]  (no source info available)
V  [jvm.dll+0xc3f6b]  (no source info available)
V  [jvm.dll+0x3bb442]  (no source info available)
V  [jvm.dll+0x387d4b]  (no source info available)
V  [jvm.dll+0x3871ba]  (no source info available)
V  [jvm.dll+0x2477f8]  (no source info available)
V  [jvm.dll+0x246e9f]  (no source info available)
V  [jvm.dll+0x1c4e80]  (no source info available)
V  [jvm.dll+0x2568f3]  (no source info available)
V  [jvm.dll+0x254baa]  (no source info available)
V  [jvm.dll+0x3f57a6]  (no source info available)
V  [jvm.dll+0x81dc0b]  (no source info available)
V  [jvm.dll+0x6e0d85]  (no source info available)
C  [ucrtbase.dll+0x29333]  (no source info available)
C  [KERNEL32.DLL+0x1259d]  (no source info available)
C  [ntdll.dll+0x5af38]  (no source info available)


---------------  P R O C E S S  ---------------

Threads class SMR info:
_java_thread_list=0x000002eef84d1a90, length=32, elements={
0x000002eebf6cfa90, 0x000002eef202bf80, 0x000002eef202cae0, 0x000002eef202dd50,
0x000002eef20307c0, 0x000002eef2031350, 0x000002eef2032b00, 0x000002eef2034480,
0x000002eef2035bc0, 0x000002eef210e270, 0x000002eef21da910, 0x000002eef21dea00,
0x000002eef232d990, 0x000002eef23ca410, 0x000002eef23caad0, 0x000002eef23cb190,
0x000002eef2686bb0, 0x000002eef2687270, 0x000002eef74e1d40, 0x000002eef82995a0,
0x000002eef8242440, 0x000002eef7f29600, 0x000002eef849e4c0, 0x000002eef849ef00,
0x000002eef81dc960, 0x000002eef81e2790, 0x000002eef81df310, 0x000002eef81e1a70,
0x000002eef81e13e0, 0x000002eef81e06c0, 0x000002eef81df9a0, 0x000002eef81e0030
}

Java Threads: ( => current thread )
  0x000002eebf6cfa90 JavaThread "main"                              [_thread_blocked, id=4768, stack(0x000000f62e000000,0x000000f62e100000) (1024K)]
  0x000002eef202bf80 JavaThread "Reference Handler"          daemon [_thread_blocked, id=18888, stack(0x000000f62e800000,0x000000f62e900000) (1024K)]
  0x000002eef202cae0 JavaThread "Finalizer"                  daemon [_thread_blocked, id=21316, stack(0x000000f62e900000,0x000000f62ea00000) (1024K)]
  0x000002eef202dd50 JavaThread "Signal Dispatcher"          daemon [_thread_blocked, id=23460, stack(0x000000f62ea00000,0x000000f62eb00000) (1024K)]
  0x000002eef20307c0 JavaThread "Attach Listener"            daemon [_thread_blocked, id=15196, stack(0x000000f62eb00000,0x000000f62ec00000) (1024K)]
  0x000002eef2031350 JavaThread "Service Thread"             daemon [_thread_blocked, id=21176, stack(0x000000f62ec00000,0x000000f62ed00000) (1024K)]
  0x000002eef2032b00 JavaThread "Monitor Deflation Thread"   daemon [_thread_blocked, id=17244, stack(0x000000f62ed00000,0x000000f62ee00000) (1024K)]
  0x000002eef2034480 JavaThread "C2 CompilerThread0"         daemon [_thread_in_native, id=18528, stack(0x000000f62ee00000,0x000000f62ef00000) (1024K)]
  0x000002eef2035bc0 JavaThread "C1 CompilerThread0"         daemon [_thread_blocked, id=14724, stack(0x000000f62ef00000,0x000000f62f000000) (1024K)]
  0x000002eef210e270 JavaThread "C1 CompilerThread1"         daemon [_thread_blocked, id=21840, stack(0x000000f62f000000,0x000000f62f100000) (1024K)]
  0x000002eef21da910 JavaThread "Common-Cleaner"             daemon [_thread_blocked, id=17836, stack(0x000000f62f100000,0x000000f62f200000) (1024K)]
  0x000002eef21dea00 JavaThread "C2 CompilerThread1"         daemon [_thread_in_native, id=22196, stack(0x000000f62f200000,0x000000f62f300000) (1024K)]
  0x000002eef232d990 JavaThread "Notification Thread"        daemon [_thread_blocked, id=20428, stack(0x000000f62f300000,0x000000f62f400000) (1024K)]
  0x000002eef23ca410 JavaThread "C2 CompilerThread2"         daemon [_thread_blocked, id=5568, stack(0x000000f62f400000,0x000000f62f500000) (1024K)]
=>0x000002eef23caad0 JavaThread "C2 CompilerThread3"         daemon [_thread_in_native, id=17468, stack(0x000000f62f500000,0x000000f62f600000) (1024K)]
  0x000002eef23cb190 JavaThread "C2 CompilerThread4"         daemon [_thread_in_native, id=22384, stack(0x000000f62f600000,0x000000f62f700000) (1024K)]
  0x000002eef2686bb0 JavaThread "C1 CompilerThread2"         daemon [_thread_blocked, id=8816, stack(0x000000f62f700000,0x000000f62f800000) (1024K)]
  0x000002eef2687270 JavaThread "C2 CompilerThread5"         daemon [_thread_in_native, id=9480, stack(0x000000f62f800000,0x000000f62f900000) (1024K)]
  0x000002eef74e1d40 JavaThread "C1 CompilerThread3"         daemon [_thread_blocked, id=19340, stack(0x000000f62f900000,0x000000f62fa00000) (1024K)]
  0x000002eef82995a0 JavaThread "Daemon health stats"               [_thread_blocked, id=22688, stack(0x000000f62ff00000,0x000000f630000000) (1024K)]
  0x000002eef8242440 JavaThread "Incoming local TCP Connector on port 53718"        [_thread_in_native, id=7324, stack(0x000000f630000000,0x000000f630100000) (1024K)]
  0x000002eef7f29600 JavaThread "Daemon periodic checks"            [_thread_blocked, id=19728, stack(0x000000f630100000,0x000000f630200000) (1024K)]
  0x000002eef849e4c0 JavaThread "Daemon"                            [_thread_blocked, id=16756, stack(0x000000f630200000,0x000000f630300000) (1024K)]
  0x000002eef849ef00 JavaThread "Handler for socket connection from /127.0.0.1:53718 to /127.0.0.1:53719"        [_thread_in_native, id=10508, stack(0x000000f630300000,0x000000f630400000) (1024K)]
  0x000002eef81dc960 JavaThread "Cancel handler"                    [_thread_blocked, id=5664, stack(0x000000f630400000,0x000000f630500000) (1024K)]
  0x000002eef81e2790 JavaThread "Daemon worker"                     [_thread_in_vm, id=22036, stack(0x000000f630500000,0x000000f630600000) (1024K)]
  0x000002eef81df310 JavaThread "Asynchronous log dispatcher for DefaultDaemonConnection: socket connection from /127.0.0.1:53718 to /127.0.0.1:53719"        [_thread_blocked, id=20700, stack(0x000000f630600000,0x000000f630700000) (1024K)]
  0x000002eef81e1a70 JavaThread "Stdin handler"                     [_thread_blocked, id=15204, stack(0x000000f630700000,0x000000f630800000) (1024K)]
  0x000002eef81e13e0 JavaThread "Daemon client event forwarder"        [_thread_blocked, id=14060, stack(0x000000f630800000,0x000000f630900000) (1024K)]
  0x000002eef81e06c0 JavaThread "Cache worker for journal cache (C:\Users\HP\.gradle\caches\journal-1)"        [_thread_blocked, id=11776, stack(0x000000f630900000,0x000000f630a00000) (1024K)]
  0x000002eef81df9a0 JavaThread "File lock request listener"        [_thread_in_native, id=5488, stack(0x000000f630a00000,0x000000f630b00000) (1024K)]
  0x000002eef81e0030 JavaThread "Cache worker for file hash cache (C:\Users\HP\.gradle\caches\8.12\fileHashes)"        [_thread_blocked, id=23416, stack(0x000000f630b00000,0x000000f630c00000) (1024K)]
Total: 32

Other Threads:
  0x000002eef200f410 VMThread "VM Thread"                           [id=17288, stack(0x000000f62e700000,0x000000f62e800000) (1024K)]
  0x000002eedce79780 WatcherThread "VM Periodic Task Thread"        [id=11780, stack(0x000000f62e600000,0x000000f62e700000) (1024K)]
  0x000002eec1901080 WorkerThread "GC Thread#0"                     [id=4456, stack(0x000000f62e100000,0x000000f62e200000) (1024K)]
  0x000002eef738a880 WorkerThread "GC Thread#1"                     [id=7860, stack(0x000000f62fa00000,0x000000f62fb00000) (1024K)]
  0x000002eef71bc850 WorkerThread "GC Thread#2"                     [id=18700, stack(0x000000f62fb00000,0x000000f62fc00000) (1024K)]
  0x000002eef71bcc00 WorkerThread "GC Thread#3"                     [id=7004, stack(0x000000f62fc00000,0x000000f62fd00000) (1024K)]
  0x000002eef71bcfb0 WorkerThread "GC Thread#4"                     [id=17832, stack(0x000000f62fd00000,0x000000f62fe00000) (1024K)]
  0x000002eef29c5b10 WorkerThread "GC Thread#5"                     [id=15208, stack(0x000000f62fe00000,0x000000f62ff00000) (1024K)]
  0x000002eec1905e20 ConcurrentGCThread "G1 Main Marker"            [id=8324, stack(0x000000f62e200000,0x000000f62e300000) (1024K)]
  0x000002eec19078a0 WorkerThread "G1 Conc#0"                       [id=1800, stack(0x000000f62e300000,0x000000f62e400000) (1024K)]
  0x000002eedcd4eb00 ConcurrentGCThread "G1 Refine#0"               [id=23244, stack(0x000000f62e400000,0x000000f62e500000) (1024K)]
  0x000002eedcd4f330 ConcurrentGCThread "G1 Service"                [id=21596, stack(0x000000f62e500000,0x000000f62e600000) (1024K)]
Total: 12

Threads with active compile tasks:
C2 CompilerThread0  1484 2838   !   4       java.lang.ClassLoader::loadClass (121 bytes)
C2 CompilerThread1  1484 2852       4       java.lang.invoke.MethodType::makeImpl (109 bytes)
C2 CompilerThread3  1485 2870       4       jdk.internal.org.objectweb.asm.Frame::getAbstractTypeFromDescriptor (415 bytes)
C2 CompilerThread4  1485 2887       4       java.lang.invoke.LambdaForm::useCount (61 bytes)
C2 CompilerThread5  1485 2888       4       sun.invoke.util.VerifyType::isNullConversion (157 bytes)
Total: 5

VM state: not at safepoint (normal execution)

VM Mutex/Monitor currently owned by a thread: None

Heap address: 0x00000000e0000000, size: 512 MB, Compressed Oops mode: 32-bit

CDS archive(s) mapped at: [0x000002eedd000000-0x000002eeddc60000-0x000002eeddc60000), size 12976128, SharedBaseAddress: 0x000002eedd000000, ArchiveRelocationMode: 1.
Compressed class space mapped at: 0x000002eede000000-0x000002eef2000000, reserved size: 335544320
Narrow klass base: 0x000002eedd000000, Narrow klass shift: 0, Narrow klass range: 0x15000000

GC Precious Log:
 CardTable entry size: 512
 Card Set container configuration: InlinePtr #cards 5 size 8 Array Of Cards #cards 12 size 40 Howl #buckets 4 coarsen threshold 1843 Howl Bitmap #cards 512 size 80 coarsen threshold 460 Card regions per heap region 1 cards per card region 2048
 CPUs: 16 total, 16 available
 Memory: 16052M
 Large Page Support: Disabled
 NUMA Support: Disabled
 Compressed Oops: Enabled (32-bit)
 Heap Region Size: 1M
 Heap Min Capacity: 256M
 Heap Initial Capacity: 256M
 Heap Max Capacity: 512M
 Pre-touch: Disabled
 Parallel Workers: 13
 Concurrent Workers: 3
 Concurrent Refinement Workers: 13
 Periodic GC: Disabled

Heap:
 garbage-first heap   total reserved 524288K, committed 262144K, used 89918K [0x00000000e0000000, 0x0000000100000000)
  region size 1024K, 79 young (80896K), 2 survivors (2048K)
 Metaspace       used 15471K, committed 15936K, reserved 393216K
  class space    used 2131K, committed 2368K, reserved 327680K

Heap Regions: E=young(eden), S=young(survivor), O=old, HS=humongous(starts), HC=humongous(continues), CS=collection set, F=free, TAMS=top-at-mark-start, PB=parsable bottom
|   0|0x00000000e0000000, 0x00000000e0100000, 0x00000000e0100000|100%|HS|  |TAMS 0x00000000e0000000| PB 0x00000000e0000000| Complete |  0
|   1|0x00000000e0100000, 0x00000000e0200000, 0x00000000e0200000|100%|HC|  |TAMS 0x00000000e0100000| PB 0x00000000e0100000| Complete |  0
|   2|0x00000000e0200000, 0x00000000e0300000, 0x00000000e0300000|100%|HC|  |TAMS 0x00000000e0200000| PB 0x00000000e0200000| Complete |  0
|   3|0x00000000e0300000, 0x00000000e0400000, 0x00000000e0400000|100%| O|  |TAMS 0x00000000e0300000| PB 0x00000000e0300000| Untracked |  0
|   4|0x00000000e0400000, 0x00000000e0500000, 0x00000000e0500000|100%| O|  |TAMS 0x00000000e0400000| PB 0x00000000e0400000| Untracked |  0
|   5|0x00000000e0500000, 0x00000000e0600000, 0x00000000e0600000|100%| O|  |TAMS 0x00000000e0500000| PB 0x00000000e0500000| Untracked |  0
|   6|0x00000000e0600000, 0x00000000e0700000, 0x00000000e0700000|100%| O|  |TAMS 0x00000000e0600000| PB 0x00000000e0600000| Untracked |  0
|   7|0x00000000e0700000, 0x00000000e0800000, 0x00000000e0800000|100%| O|  |TAMS 0x00000000e0700000| PB 0x00000000e0700000| Untracked |  0
|   8|0x00000000e0800000, 0x00000000e0900000, 0x00000000e0900000|100%| O|  |TAMS 0x00000000e0800000| PB 0x00000000e0800000| Untracked |  0
|   9|0x00000000e0900000, 0x00000000e0917f98, 0x00000000e0a00000|  9%| O|  |TAMS 0x00000000e0900000| PB 0x00000000e0900000| Untracked |  0
|  10|0x00000000e0a00000, 0x00000000e0b00000, 0x00000000e0b00000|100%|HS|  |TAMS 0x00000000e0a00000| PB 0x00000000e0a00000| Complete |  0
|  11|0x00000000e0b00000, 0x00000000e0c00000, 0x00000000e0c00000|100%|HS|  |TAMS 0x00000000e0b00000| PB 0x00000000e0b00000| Complete |  0
|  12|0x00000000e0c00000, 0x00000000e0c00000, 0x00000000e0d00000|  0%| F|  |TAMS 0x00000000e0c00000| PB 0x00000000e0c00000| Untracked |  0
|  13|0x00000000e0d00000, 0x00000000e0d00000, 0x00000000e0e00000|  0%| F|  |TAMS 0x00000000e0d00000| PB 0x00000000e0d00000| Untracked |  0
|  14|0x00000000e0e00000, 0x00000000e0e00000, 0x00000000e0f00000|  0%| F|  |TAMS 0x00000000e0e00000| PB 0x00000000e0e00000| Untracked |  0
|  15|0x00000000e0f00000, 0x00000000e0f00000, 0x00000000e1000000|  0%| F|  |TAMS 0x00000000e0f00000| PB 0x00000000e0f00000| Untracked |  0
|  16|0x00000000e1000000, 0x00000000e1000000, 0x00000000e1100000|  0%| F|  |TAMS 0x00000000e1000000| PB 0x00000000e1000000| Untracked |  0
|  17|0x00000000e1100000, 0x00000000e1100000, 0x00000000e1200000|  0%| F|  |TAMS 0x00000000e1100000| PB 0x00000000e1100000| Untracked |  0
|  18|0x00000000e1200000, 0x00000000e1200000, 0x00000000e1300000|  0%| F|  |TAMS 0x00000000e1200000| PB 0x00000000e1200000| Untracked |  0
|  19|0x00000000e1300000, 0x00000000e1300000, 0x00000000e1400000|  0%| F|  |TAMS 0x00000000e1300000| PB 0x00000000e1300000| Untracked |  0
|  20|0x00000000e1400000, 0x00000000e1400000, 0x00000000e1500000|  0%| F|  |TAMS 0x00000000e1400000| PB 0x00000000e1400000| Untracked |  0
|  21|0x00000000e1500000, 0x00000000e1500000, 0x00000000e1600000|  0%| F|  |TAMS 0x00000000e1500000| PB 0x00000000e1500000| Untracked |  0
|  22|0x00000000e1600000, 0x00000000e1600000, 0x00000000e1700000|  0%| F|  |TAMS 0x00000000e1600000| PB 0x00000000e1600000| Untracked |  0
|  23|0x00000000e1700000, 0x00000000e1700000, 0x00000000e1800000|  0%| F|  |TAMS 0x00000000e1700000| PB 0x00000000e1700000| Untracked |  0
|  24|0x00000000e1800000, 0x00000000e1800000, 0x00000000e1900000|  0%| F|  |TAMS 0x00000000e1800000| PB 0x00000000e1800000| Untracked |  0
|  25|0x00000000e1900000, 0x00000000e1900000, 0x00000000e1a00000|  0%| F|  |TAMS 0x00000000e1900000| PB 0x00000000e1900000| Untracked |  0
|  26|0x00000000e1a00000, 0x00000000e1a00000, 0x00000000e1b00000|  0%| F|  |TAMS 0x00000000e1a00000| PB 0x00000000e1a00000| Untracked |  0
|  27|0x00000000e1b00000, 0x00000000e1b00000, 0x00000000e1c00000|  0%| F|  |TAMS 0x00000000e1b00000| PB 0x00000000e1b00000| Untracked |  0
|  28|0x00000000e1c00000, 0x00000000e1c00000, 0x00000000e1d00000|  0%| F|  |TAMS 0x00000000e1c00000| PB 0x00000000e1c00000| Untracked |  0
|  29|0x00000000e1d00000, 0x00000000e1d00000, 0x00000000e1e00000|  0%| F|  |TAMS 0x00000000e1d00000| PB 0x00000000e1d00000| Untracked |  0
|  30|0x00000000e1e00000, 0x00000000e1e00000, 0x00000000e1f00000|  0%| F|  |TAMS 0x00000000e1e00000| PB 0x00000000e1e00000| Untracked |  0
|  31|0x00000000e1f00000, 0x00000000e1f00000, 0x00000000e2000000|  0%| F|  |TAMS 0x00000000e1f00000| PB 0x00000000e1f00000| Untracked |  0
|  32|0x00000000e2000000, 0x00000000e2000000, 0x00000000e2100000|  0%| F|  |TAMS 0x00000000e2000000| PB 0x00000000e2000000| Untracked |  0
|  33|0x00000000e2100000, 0x00000000e2100000, 0x00000000e2200000|  0%| F|  |TAMS 0x00000000e2100000| PB 0x00000000e2100000| Untracked |  0
|  34|0x00000000e2200000, 0x00000000e2200000, 0x00000000e2300000|  0%| F|  |TAMS 0x00000000e2200000| PB 0x00000000e2200000| Untracked |  0
|  35|0x00000000e2300000, 0x00000000e2300000, 0x00000000e2400000|  0%| F|  |TAMS 0x00000000e2300000| PB 0x00000000e2300000| Untracked |  0
|  36|0x00000000e2400000, 0x00000000e2400000, 0x00000000e2500000|  0%| F|  |TAMS 0x00000000e2400000| PB 0x00000000e2400000| Untracked |  0
|  37|0x00000000e2500000, 0x00000000e2500000, 0x00000000e2600000|  0%| F|  |TAMS 0x00000000e2500000| PB 0x00000000e2500000| Untracked |  0
|  38|0x00000000e2600000, 0x00000000e2600000, 0x00000000e2700000|  0%| F|  |TAMS 0x00000000e2600000| PB 0x00000000e2600000| Untracked |  0
|  39|0x00000000e2700000, 0x00000000e2700000, 0x00000000e2800000|  0%| F|  |TAMS 0x00000000e2700000| PB 0x00000000e2700000| Untracked |  0
|  40|0x00000000e2800000, 0x00000000e2800000, 0x00000000e2900000|  0%| F|  |TAMS 0x00000000e2800000| PB 0x00000000e2800000| Untracked |  0
|  41|0x00000000e2900000, 0x00000000e2900000, 0x00000000e2a00000|  0%| F|  |TAMS 0x00000000e2900000| PB 0x00000000e2900000| Untracked |  0
|  42|0x00000000e2a00000, 0x00000000e2a00000, 0x00000000e2b00000|  0%| F|  |TAMS 0x00000000e2a00000| PB 0x00000000e2a00000| Untracked |  0
|  43|0x00000000e2b00000, 0x00000000e2b00000, 0x00000000e2c00000|  0%| F|  |TAMS 0x00000000e2b00000| PB 0x00000000e2b00000| Untracked |  0
|  44|0x00000000e2c00000, 0x00000000e2c00000, 0x00000000e2d00000|  0%| F|  |TAMS 0x00000000e2c00000| PB 0x00000000e2c00000| Untracked |  0
|  45|0x00000000e2d00000, 0x00000000e2d00000, 0x00000000e2e00000|  0%| F|  |TAMS 0x00000000e2d00000| PB 0x00000000e2d00000| Untracked |  0
|  46|0x00000000e2e00000, 0x00000000e2e00000, 0x00000000e2f00000|  0%| F|  |TAMS 0x00000000e2e00000| PB 0x00000000e2e00000| Untracked |  0
|  47|0x00000000e2f00000, 0x00000000e2f00000, 0x00000000e3000000|  0%| F|  |TAMS 0x00000000e2f00000| PB 0x00000000e2f00000| Untracked |  0
|  48|0x00000000e3000000, 0x00000000e3000000, 0x00000000e3100000|  0%| F|  |TAMS 0x00000000e3000000| PB 0x00000000e3000000| Untracked |  0
|  49|0x00000000e3100000, 0x00000000e3100000, 0x00000000e3200000|  0%| F|  |TAMS 0x00000000e3100000| PB 0x00000000e3100000| Untracked |  0
|  50|0x00000000e3200000, 0x00000000e3200000, 0x00000000e3300000|  0%| F|  |TAMS 0x00000000e3200000| PB 0x00000000e3200000| Untracked |  0
|  51|0x00000000e3300000, 0x00000000e3300000, 0x00000000e3400000|  0%| F|  |TAMS 0x00000000e3300000| PB 0x00000000e3300000| Untracked |  0
|  52|0x00000000e3400000, 0x00000000e3400000, 0x00000000e3500000|  0%| F|  |TAMS 0x00000000e3400000| PB 0x00000000e3400000| Untracked |  0
|  53|0x00000000e3500000, 0x00000000e3500000, 0x00000000e3600000|  0%| F|  |TAMS 0x00000000e3500000| PB 0x00000000e3500000| Untracked |  0
|  54|0x00000000e3600000, 0x00000000e3600000, 0x00000000e3700000|  0%| F|  |TAMS 0x00000000e3600000| PB 0x00000000e3600000| Untracked |  0
|  55|0x00000000e3700000, 0x00000000e3700000, 0x00000000e3800000|  0%| F|  |TAMS 0x00000000e3700000| PB 0x00000000e3700000| Untracked |  0
|  56|0x00000000e3800000, 0x00000000e3800000, 0x00000000e3900000|  0%| F|  |TAMS 0x00000000e3800000| PB 0x00000000e3800000| Untracked |  0
|  57|0x00000000e3900000, 0x00000000e3900000, 0x00000000e3a00000|  0%| F|  |TAMS 0x00000000e3900000| PB 0x00000000e3900000| Untracked |  0
|  58|0x00000000e3a00000, 0x00000000e3a00000, 0x00000000e3b00000|  0%| F|  |TAMS 0x00000000e3a00000| PB 0x00000000e3a00000| Untracked |  0
|  59|0x00000000e3b00000, 0x00000000e3b00000, 0x00000000e3c00000|  0%| F|  |TAMS 0x00000000e3b00000| PB 0x00000000e3b00000| Untracked |  0
|  60|0x00000000e3c00000, 0x00000000e3c00000, 0x00000000e3d00000|  0%| F|  |TAMS 0x00000000e3c00000| PB 0x00000000e3c00000| Untracked |  0
|  61|0x00000000e3d00000, 0x00000000e3d00000, 0x00000000e3e00000|  0%| F|  |TAMS 0x00000000e3d00000| PB 0x00000000e3d00000| Untracked |  0
|  62|0x00000000e3e00000, 0x00000000e3e00000, 0x00000000e3f00000|  0%| F|  |TAMS 0x00000000e3e00000| PB 0x00000000e3e00000| Untracked |  0
|  63|0x00000000e3f00000, 0x00000000e3f00000, 0x00000000e4000000|  0%| F|  |TAMS 0x00000000e3f00000| PB 0x00000000e3f00000| Untracked |  0
|  64|0x00000000e4000000, 0x00000000e4000000, 0x00000000e4100000|  0%| F|  |TAMS 0x00000000e4000000| PB 0x00000000e4000000| Untracked |  0
|  65|0x00000000e4100000, 0x00000000e4100000, 0x00000000e4200000|  0%| F|  |TAMS 0x00000000e4100000| PB 0x00000000e4100000| Untracked |  0
|  66|0x00000000e4200000, 0x00000000e4200000, 0x00000000e4300000|  0%| F|  |TAMS 0x00000000e4200000| PB 0x00000000e4200000| Untracked |  0
|  67|0x00000000e4300000, 0x00000000e4300000, 0x00000000e4400000|  0%| F|  |TAMS 0x00000000e4300000| PB 0x00000000e4300000| Untracked |  0
|  68|0x00000000e4400000, 0x00000000e4400000, 0x00000000e4500000|  0%| F|  |TAMS 0x00000000e4400000| PB 0x00000000e4400000| Untracked |  0
|  69|0x00000000e4500000, 0x00000000e4500000, 0x00000000e4600000|  0%| F|  |TAMS 0x00000000e4500000| PB 0x00000000e4500000| Untracked |  0
|  70|0x00000000e4600000, 0x00000000e4600000, 0x00000000e4700000|  0%| F|  |TAMS 0x00000000e4600000| PB 0x00000000e4600000| Untracked |  0
|  71|0x00000000e4700000, 0x00000000e4700000, 0x00000000e4800000|  0%| F|  |TAMS 0x00000000e4700000| PB 0x00000000e4700000| Untracked |  0
|  72|0x00000000e4800000, 0x00000000e4800000, 0x00000000e4900000|  0%| F|  |TAMS 0x00000000e4800000| PB 0x00000000e4800000| Untracked |  0
|  73|0x00000000e4900000, 0x00000000e4900000, 0x00000000e4a00000|  0%| F|  |TAMS 0x00000000e4900000| PB 0x00000000e4900000| Untracked |  0
|  74|0x00000000e4a00000, 0x00000000e4a00000, 0x00000000e4b00000|  0%| F|  |TAMS 0x00000000e4a00000| PB 0x00000000e4a00000| Untracked |  0
|  75|0x00000000e4b00000, 0x00000000e4b00000, 0x00000000e4c00000|  0%| F|  |TAMS 0x00000000e4b00000| PB 0x00000000e4b00000| Untracked |  0
|  76|0x00000000e4c00000, 0x00000000e4c00000, 0x00000000e4d00000|  0%| F|  |TAMS 0x00000000e4c00000| PB 0x00000000e4c00000| Untracked |  0
|  77|0x00000000e4d00000, 0x00000000e4d00000, 0x00000000e4e00000|  0%| F|  |TAMS 0x00000000e4d00000| PB 0x00000000e4d00000| Untracked |  0
|  78|0x00000000e4e00000, 0x00000000e4e00000, 0x00000000e4f00000|  0%| F|  |TAMS 0x00000000e4e00000| PB 0x00000000e4e00000| Untracked |  0
|  79|0x00000000e4f00000, 0x00000000e4f00000, 0x00000000e5000000|  0%| F|  |TAMS 0x00000000e4f00000| PB 0x00000000e4f00000| Untracked |  0
|  80|0x00000000e5000000, 0x00000000e5000000, 0x00000000e5100000|  0%| F|  |TAMS 0x00000000e5000000| PB 0x00000000e5000000| Untracked |  0
|  81|0x00000000e5100000, 0x00000000e5100000, 0x00000000e5200000|  0%| F|  |TAMS 0x00000000e5100000| PB 0x00000000e5100000| Untracked |  0
|  82|0x00000000e5200000, 0x00000000e5200000, 0x00000000e5300000|  0%| F|  |TAMS 0x00000000e5200000| PB 0x00000000e5200000| Untracked |  0
|  83|0x00000000e5300000, 0x00000000e5300000, 0x00000000e5400000|  0%| F|  |TAMS 0x00000000e5300000| PB 0x00000000e5300000| Untracked |  0
|  84|0x00000000e5400000, 0x00000000e5400000, 0x00000000e5500000|  0%| F|  |TAMS 0x00000000e5400000| PB 0x00000000e5400000| Untracked |  0
|  85|0x00000000e5500000, 0x00000000e5500000, 0x00000000e5600000|  0%| F|  |TAMS 0x00000000e5500000| PB 0x00000000e5500000| Untracked |  0
|  86|0x00000000e5600000, 0x00000000e5600000, 0x00000000e5700000|  0%| F|  |TAMS 0x00000000e5600000| PB 0x00000000e5600000| Untracked |  0
|  87|0x00000000e5700000, 0x00000000e5700000, 0x00000000e5800000|  0%| F|  |TAMS 0x00000000e5700000| PB 0x00000000e5700000| Untracked |  0
|  88|0x00000000e5800000, 0x00000000e5800000, 0x00000000e5900000|  0%| F|  |TAMS 0x00000000e5800000| PB 0x00000000e5800000| Untracked |  0
|  89|0x00000000e5900000, 0x00000000e5900000, 0x00000000e5a00000|  0%| F|  |TAMS 0x00000000e5900000| PB 0x00000000e5900000| Untracked |  0
|  90|0x00000000e5a00000, 0x00000000e5a00000, 0x00000000e5b00000|  0%| F|  |TAMS 0x00000000e5a00000| PB 0x00000000e5a00000| Untracked |  0
|  91|0x00000000e5b00000, 0x00000000e5b00000, 0x00000000e5c00000|  0%| F|  |TAMS 0x00000000e5b00000| PB 0x00000000e5b00000| Untracked |  0
|  92|0x00000000e5c00000, 0x00000000e5c00000, 0x00000000e5d00000|  0%| F|  |TAMS 0x00000000e5c00000| PB 0x00000000e5c00000| Untracked |  0
|  93|0x00000000e5d00000, 0x00000000e5d00000, 0x00000000e5e00000|  0%| F|  |TAMS 0x00000000e5d00000| PB 0x00000000e5d00000| Untracked |  0
|  94|0x00000000e5e00000, 0x00000000e5e00000, 0x00000000e5f00000|  0%| F|  |TAMS 0x00000000e5e00000| PB 0x00000000e5e00000| Untracked |  0
|  95|0x00000000e5f00000, 0x00000000e5f00000, 0x00000000e6000000|  0%| F|  |TAMS 0x00000000e5f00000| PB 0x00000000e5f00000| Untracked |  0
|  96|0x00000000e6000000, 0x00000000e6000000, 0x00000000e6100000|  0%| F|  |TAMS 0x00000000e6000000| PB 0x00000000e6000000| Untracked |  0
|  97|0x00000000e6100000, 0x00000000e6100000, 0x00000000e6200000|  0%| F|  |TAMS 0x00000000e6100000| PB 0x00000000e6100000| Untracked |  0
|  98|0x00000000e6200000, 0x00000000e6200000, 0x00000000e6300000|  0%| F|  |TAMS 0x00000000e6200000| PB 0x00000000e6200000| Untracked |  0
|  99|0x00000000e6300000, 0x00000000e6300000, 0x00000000e6400000|  0%| F|  |TAMS 0x00000000e6300000| PB 0x00000000e6300000| Untracked |  0
| 100|0x00000000e6400000, 0x00000000e6400000, 0x00000000e6500000|  0%| F|  |TAMS 0x00000000e6400000| PB 0x00000000e6400000| Untracked |  0
| 101|0x00000000e6500000, 0x00000000e6500000, 0x00000000e6600000|  0%| F|  |TAMS 0x00000000e6500000| PB 0x00000000e6500000| Untracked |  0
| 102|0x00000000e6600000, 0x00000000e6600000, 0x00000000e6700000|  0%| F|  |TAMS 0x00000000e6600000| PB 0x00000000e6600000| Untracked |  0
| 103|0x00000000e6700000, 0x00000000e6700000, 0x00000000e6800000|  0%| F|  |TAMS 0x00000000e6700000| PB 0x00000000e6700000| Untracked |  0
| 104|0x00000000e6800000, 0x00000000e6800000, 0x00000000e6900000|  0%| F|  |TAMS 0x00000000e6800000| PB 0x00000000e6800000| Untracked |  0
| 105|0x00000000e6900000, 0x00000000e6900000, 0x00000000e6a00000|  0%| F|  |TAMS 0x00000000e6900000| PB 0x00000000e6900000| Untracked |  0
| 106|0x00000000e6a00000, 0x00000000e6a00000, 0x00000000e6b00000|  0%| F|  |TAMS 0x00000000e6a00000| PB 0x00000000e6a00000| Untracked |  0
| 107|0x00000000e6b00000, 0x00000000e6b00000, 0x00000000e6c00000|  0%| F|  |TAMS 0x00000000e6b00000| PB 0x00000000e6b00000| Untracked |  0
| 108|0x00000000e6c00000, 0x00000000e6c00000, 0x00000000e6d00000|  0%| F|  |TAMS 0x00000000e6c00000| PB 0x00000000e6c00000| Untracked |  0
| 109|0x00000000e6d00000, 0x00000000e6d00000, 0x00000000e6e00000|  0%| F|  |TAMS 0x00000000e6d00000| PB 0x00000000e6d00000| Untracked |  0
| 110|0x00000000e6e00000, 0x00000000e6e00000, 0x00000000e6f00000|  0%| F|  |TAMS 0x00000000e6e00000| PB 0x00000000e6e00000| Untracked |  0
| 111|0x00000000e6f00000, 0x00000000e6f00000, 0x00000000e7000000|  0%| F|  |TAMS 0x00000000e6f00000| PB 0x00000000e6f00000| Untracked |  0
| 112|0x00000000e7000000, 0x00000000e7000000, 0x00000000e7100000|  0%| F|  |TAMS 0x00000000e7000000| PB 0x00000000e7000000| Untracked |  0
| 113|0x00000000e7100000, 0x00000000e7100000, 0x00000000e7200000|  0%| F|  |TAMS 0x00000000e7100000| PB 0x00000000e7100000| Untracked |  0
| 114|0x00000000e7200000, 0x00000000e7200000, 0x00000000e7300000|  0%| F|  |TAMS 0x00000000e7200000| PB 0x00000000e7200000| Untracked |  0
| 115|0x00000000e7300000, 0x00000000e7300000, 0x00000000e7400000|  0%| F|  |TAMS 0x00000000e7300000| PB 0x00000000e7300000| Untracked |  0
| 116|0x00000000e7400000, 0x00000000e7400000, 0x00000000e7500000|  0%| F|  |TAMS 0x00000000e7400000| PB 0x00000000e7400000| Untracked |  0
| 117|0x00000000e7500000, 0x00000000e7500000, 0x00000000e7600000|  0%| F|  |TAMS 0x00000000e7500000| PB 0x00000000e7500000| Untracked |  0
| 118|0x00000000e7600000, 0x00000000e7600000, 0x00000000e7700000|  0%| F|  |TAMS 0x00000000e7600000| PB 0x00000000e7600000| Untracked |  0
| 119|0x00000000e7700000, 0x00000000e7700000, 0x00000000e7800000|  0%| F|  |TAMS 0x00000000e7700000| PB 0x00000000e7700000| Untracked |  0
| 120|0x00000000e7800000, 0x00000000e7800000, 0x00000000e7900000|  0%| F|  |TAMS 0x00000000e7800000| PB 0x00000000e7800000| Untracked |  0
| 121|0x00000000e7900000, 0x00000000e7900000, 0x00000000e7a00000|  0%| F|  |TAMS 0x00000000e7900000| PB 0x00000000e7900000| Untracked |  0
| 122|0x00000000e7a00000, 0x00000000e7a00000, 0x00000000e7b00000|  0%| F|  |TAMS 0x00000000e7a00000| PB 0x00000000e7a00000| Untracked |  0
| 123|0x00000000e7b00000, 0x00000000e7b00000, 0x00000000e7c00000|  0%| F|  |TAMS 0x00000000e7b00000| PB 0x00000000e7b00000| Untracked |  0
| 124|0x00000000e7c00000, 0x00000000e7c00000, 0x00000000e7d00000|  0%| F|  |TAMS 0x00000000e7c00000| PB 0x00000000e7c00000| Untracked |  0
| 125|0x00000000e7d00000, 0x00000000e7d00000, 0x00000000e7e00000|  0%| F|  |TAMS 0x00000000e7d00000| PB 0x00000000e7d00000| Untracked |  0
| 126|0x00000000e7e00000, 0x00000000e7e00000, 0x00000000e7f00000|  0%| F|  |TAMS 0x00000000e7e00000| PB 0x00000000e7e00000| Untracked |  0
| 127|0x00000000e7f00000, 0x00000000e7f00000, 0x00000000e8000000|  0%| F|  |TAMS 0x00000000e7f00000| PB 0x00000000e7f00000| Untracked |  0
| 128|0x00000000e8000000, 0x00000000e8000000, 0x00000000e8100000|  0%| F|  |TAMS 0x00000000e8000000| PB 0x00000000e8000000| Untracked |  0
| 129|0x00000000e8100000, 0x00000000e8100000, 0x00000000e8200000|  0%| F|  |TAMS 0x00000000e8100000| PB 0x00000000e8100000| Untracked |  0
| 130|0x00000000e8200000, 0x00000000e8200000, 0x00000000e8300000|  0%| F|  |TAMS 0x00000000e8200000| PB 0x00000000e8200000| Untracked |  0
| 131|0x00000000e8300000, 0x00000000e8300000, 0x00000000e8400000|  0%| F|  |TAMS 0x00000000e8300000| PB 0x00000000e8300000| Untracked |  0
| 132|0x00000000e8400000, 0x00000000e8400000, 0x00000000e8500000|  0%| F|  |TAMS 0x00000000e8400000| PB 0x00000000e8400000| Untracked |  0
| 133|0x00000000e8500000, 0x00000000e8500000, 0x00000000e8600000|  0%| F|  |TAMS 0x00000000e8500000| PB 0x00000000e8500000| Untracked |  0
| 134|0x00000000e8600000, 0x00000000e8600000, 0x00000000e8700000|  0%| F|  |TAMS 0x00000000e8600000| PB 0x00000000e8600000| Untracked |  0
| 135|0x00000000e8700000, 0x00000000e8700000, 0x00000000e8800000|  0%| F|  |TAMS 0x00000000e8700000| PB 0x00000000e8700000| Untracked |  0
| 136|0x00000000e8800000, 0x00000000e8800000, 0x00000000e8900000|  0%| F|  |TAMS 0x00000000e8800000| PB 0x00000000e8800000| Untracked |  0
| 137|0x00000000e8900000, 0x00000000e8900000, 0x00000000e8a00000|  0%| F|  |TAMS 0x00000000e8900000| PB 0x00000000e8900000| Untracked |  0
| 138|0x00000000e8a00000, 0x00000000e8a00000, 0x00000000e8b00000|  0%| F|  |TAMS 0x00000000e8a00000| PB 0x00000000e8a00000| Untracked |  0
| 139|0x00000000e8b00000, 0x00000000e8b00000, 0x00000000e8c00000|  0%| F|  |TAMS 0x00000000e8b00000| PB 0x00000000e8b00000| Untracked |  0
| 140|0x00000000e8c00000, 0x00000000e8c00000, 0x00000000e8d00000|  0%| F|  |TAMS 0x00000000e8c00000| PB 0x00000000e8c00000| Untracked |  0
| 141|0x00000000e8d00000, 0x00000000e8d00000, 0x00000000e8e00000|  0%| F|  |TAMS 0x00000000e8d00000| PB 0x00000000e8d00000| Untracked |  0
| 142|0x00000000e8e00000, 0x00000000e8e00000, 0x00000000e8f00000|  0%| F|  |TAMS 0x00000000e8e00000| PB 0x00000000e8e00000| Untracked |  0
| 143|0x00000000e8f00000, 0x00000000e8f00000, 0x00000000e9000000|  0%| F|  |TAMS 0x00000000e8f00000| PB 0x00000000e8f00000| Untracked |  0
| 144|0x00000000e9000000, 0x00000000e9000000, 0x00000000e9100000|  0%| F|  |TAMS 0x00000000e9000000| PB 0x00000000e9000000| Untracked |  0
| 145|0x00000000e9100000, 0x00000000e9100000, 0x00000000e9200000|  0%| F|  |TAMS 0x00000000e9100000| PB 0x00000000e9100000| Untracked |  0
| 146|0x00000000e9200000, 0x00000000e9200000, 0x00000000e9300000|  0%| F|  |TAMS 0x00000000e9200000| PB 0x00000000e9200000| Untracked |  0
| 147|0x00000000e9300000, 0x00000000e9300000, 0x00000000e9400000|  0%| F|  |TAMS 0x00000000e9300000| PB 0x00000000e9300000| Untracked |  0
| 148|0x00000000e9400000, 0x00000000e9400000, 0x00000000e9500000|  0%| F|  |TAMS 0x00000000e9400000| PB 0x00000000e9400000| Untracked |  0
| 149|0x00000000e9500000, 0x00000000e9500000, 0x00000000e9600000|  0%| F|  |TAMS 0x00000000e9500000| PB 0x00000000e9500000| Untracked |  0
| 150|0x00000000e9600000, 0x00000000e9600000, 0x00000000e9700000|  0%| F|  |TAMS 0x00000000e9600000| PB 0x00000000e9600000| Untracked |  0
| 151|0x00000000e9700000, 0x00000000e9700000, 0x00000000e9800000|  0%| F|  |TAMS 0x00000000e9700000| PB 0x00000000e9700000| Untracked |  0
| 152|0x00000000e9800000, 0x00000000e9800000, 0x00000000e9900000|  0%| F|  |TAMS 0x00000000e9800000| PB 0x00000000e9800000| Untracked |  0
| 153|0x00000000e9900000, 0x00000000e9900000, 0x00000000e9a00000|  0%| F|  |TAMS 0x00000000e9900000| PB 0x00000000e9900000| Untracked |  0
| 154|0x00000000e9a00000, 0x00000000e9a00000, 0x00000000e9b00000|  0%| F|  |TAMS 0x00000000e9a00000| PB 0x00000000e9a00000| Untracked |  0
| 155|0x00000000e9b00000, 0x00000000e9b00000, 0x00000000e9c00000|  0%| F|  |TAMS 0x00000000e9b00000| PB 0x00000000e9b00000| Untracked |  0
| 156|0x00000000e9c00000, 0x00000000e9c00000, 0x00000000e9d00000|  0%| F|  |TAMS 0x00000000e9c00000| PB 0x00000000e9c00000| Untracked |  0
| 157|0x00000000e9d00000, 0x00000000e9d00000, 0x00000000e9e00000|  0%| F|  |TAMS 0x00000000e9d00000| PB 0x00000000e9d00000| Untracked |  0
| 158|0x00000000e9e00000, 0x00000000e9e00000, 0x00000000e9f00000|  0%| F|  |TAMS 0x00000000e9e00000| PB 0x00000000e9e00000| Untracked |  0
| 159|0x00000000e9f00000, 0x00000000e9f00000, 0x00000000ea000000|  0%| F|  |TAMS 0x00000000e9f00000| PB 0x00000000e9f00000| Untracked |  0
| 160|0x00000000ea000000, 0x00000000ea000000, 0x00000000ea100000|  0%| F|  |TAMS 0x00000000ea000000| PB 0x00000000ea000000| Untracked |  0
| 161|0x00000000ea100000, 0x00000000ea100000, 0x00000000ea200000|  0%| F|  |TAMS 0x00000000ea100000| PB 0x00000000ea100000| Untracked |  0
| 162|0x00000000ea200000, 0x00000000ea200000, 0x00000000ea300000|  0%| F|  |TAMS 0x00000000ea200000| PB 0x00000000ea200000| Untracked |  0
| 163|0x00000000ea300000, 0x00000000ea300000, 0x00000000ea400000|  0%| F|  |TAMS 0x00000000ea300000| PB 0x00000000ea300000| Untracked |  0
| 164|0x00000000ea400000, 0x00000000ea400000, 0x00000000ea500000|  0%| F|  |TAMS 0x00000000ea400000| PB 0x00000000ea400000| Untracked |  0
| 165|0x00000000ea500000, 0x00000000ea500000, 0x00000000ea600000|  0%| F|  |TAMS 0x00000000ea500000| PB 0x00000000ea500000| Untracked |  0
| 166|0x00000000ea600000, 0x00000000ea600000, 0x00000000ea700000|  0%| F|  |TAMS 0x00000000ea600000| PB 0x00000000ea600000| Untracked |  0
| 167|0x00000000ea700000, 0x00000000ea700000, 0x00000000ea800000|  0%| F|  |TAMS 0x00000000ea700000| PB 0x00000000ea700000| Untracked |  0
| 168|0x00000000ea800000, 0x00000000ea800000, 0x00000000ea900000|  0%| F|  |TAMS 0x00000000ea800000| PB 0x00000000ea800000| Untracked |  0
| 169|0x00000000ea900000, 0x00000000ea900000, 0x00000000eaa00000|  0%| F|  |TAMS 0x00000000ea900000| PB 0x00000000ea900000| Untracked |  0
| 170|0x00000000eaa00000, 0x00000000eaa00000, 0x00000000eab00000|  0%| F|  |TAMS 0x00000000eaa00000| PB 0x00000000eaa00000| Untracked |  0
| 171|0x00000000eab00000, 0x00000000eab00000, 0x00000000eac00000|  0%| F|  |TAMS 0x00000000eab00000| PB 0x00000000eab00000| Untracked |  0
| 172|0x00000000eac00000, 0x00000000eac00000, 0x00000000ead00000|  0%| F|  |TAMS 0x00000000eac00000| PB 0x00000000eac00000| Untracked |  0
| 173|0x00000000ead00000, 0x00000000ead00000, 0x00000000eae00000|  0%| F|  |TAMS 0x00000000ead00000| PB 0x00000000ead00000| Untracked |  0
| 174|0x00000000eae00000, 0x00000000eae00000, 0x00000000eaf00000|  0%| F|  |TAMS 0x00000000eae00000| PB 0x00000000eae00000| Untracked |  0
| 175|0x00000000eaf00000, 0x00000000eaf00000, 0x00000000eb000000|  0%| F|  |TAMS 0x00000000eaf00000| PB 0x00000000eaf00000| Untracked |  0
| 176|0x00000000eb000000, 0x00000000eb000000, 0x00000000eb100000|  0%| F|  |TAMS 0x00000000eb000000| PB 0x00000000eb000000| Untracked |  0
| 177|0x00000000eb100000, 0x00000000eb180000, 0x00000000eb200000| 50%| E|  |TAMS 0x00000000eb100000| PB 0x00000000eb100000| Complete |  0
| 178|0x00000000eb200000, 0x00000000eb300000, 0x00000000eb300000|100%| E|CS|TAMS 0x00000000eb200000| PB 0x00000000eb200000| Complete |  0
| 179|0x00000000eb300000, 0x00000000eb400000, 0x00000000eb400000|100%| E|CS|TAMS 0x00000000eb300000| PB 0x00000000eb300000| Complete |  0
| 180|0x00000000eb400000, 0x00000000eb500000, 0x00000000eb500000|100%| E|CS|TAMS 0x00000000eb400000| PB 0x00000000eb400000| Complete |  0
| 181|0x00000000eb500000, 0x00000000eb600000, 0x00000000eb600000|100%| E|CS|TAMS 0x00000000eb500000| PB 0x00000000eb500000| Complete |  0
| 182|0x00000000eb600000, 0x00000000eb700000, 0x00000000eb700000|100%| E|CS|TAMS 0x00000000eb600000| PB 0x00000000eb600000| Complete |  0
| 183|0x00000000eb700000, 0x00000000eb800000, 0x00000000eb800000|100%| E|CS|TAMS 0x00000000eb700000| PB 0x00000000eb700000| Complete |  0
| 184|0x00000000eb800000, 0x00000000eb900000, 0x00000000eb900000|100%| E|CS|TAMS 0x00000000eb800000| PB 0x00000000eb800000| Complete |  0
| 185|0x00000000eb900000, 0x00000000eba00000, 0x00000000eba00000|100%| E|CS|TAMS 0x00000000eb900000| PB 0x00000000eb900000| Complete |  0
| 186|0x00000000eba00000, 0x00000000ebb00000, 0x00000000ebb00000|100%| E|CS|TAMS 0x00000000eba00000| PB 0x00000000eba00000| Complete |  0
| 187|0x00000000ebb00000, 0x00000000ebc00000, 0x00000000ebc00000|100%| E|CS|TAMS 0x00000000ebb00000| PB 0x00000000ebb00000| Complete |  0
| 188|0x00000000ebc00000, 0x00000000ebd00000, 0x00000000ebd00000|100%| E|CS|TAMS 0x00000000ebc00000| PB 0x00000000ebc00000| Complete |  0
| 189|0x00000000ebd00000, 0x00000000ebe00000, 0x00000000ebe00000|100%| E|CS|TAMS 0x00000000ebd00000| PB 0x00000000ebd00000| Complete |  0
| 190|0x00000000ebe00000, 0x00000000ebf00000, 0x00000000ebf00000|100%| E|CS|TAMS 0x00000000ebe00000| PB 0x00000000ebe00000| Complete |  0
| 191|0x00000000ebf00000, 0x00000000ec000000, 0x00000000ec000000|100%| E|CS|TAMS 0x00000000ebf00000| PB 0x00000000ebf00000| Complete |  0
| 192|0x00000000ec000000, 0x00000000ec100000, 0x00000000ec100000|100%| E|CS|TAMS 0x00000000ec000000| PB 0x00000000ec000000| Complete |  0
| 193|0x00000000ec100000, 0x00000000ec200000, 0x00000000ec200000|100%| E|CS|TAMS 0x00000000ec100000| PB 0x00000000ec100000| Complete |  0
| 194|0x00000000ec200000, 0x00000000ec300000, 0x00000000ec300000|100%| E|CS|TAMS 0x00000000ec200000| PB 0x00000000ec200000| Complete |  0
| 195|0x00000000ec300000, 0x00000000ec400000, 0x00000000ec400000|100%| E|CS|TAMS 0x00000000ec300000| PB 0x00000000ec300000| Complete |  0
| 196|0x00000000ec400000, 0x00000000ec500000, 0x00000000ec500000|100%| E|CS|TAMS 0x00000000ec400000| PB 0x00000000ec400000| Complete |  0
| 197|0x00000000ec500000, 0x00000000ec600000, 0x00000000ec600000|100%| E|CS|TAMS 0x00000000ec500000| PB 0x00000000ec500000| Complete |  0
| 198|0x00000000ec600000, 0x00000000ec700000, 0x00000000ec700000|100%| E|CS|TAMS 0x00000000ec600000| PB 0x00000000ec600000| Complete |  0
| 199|0x00000000ec700000, 0x00000000ec800000, 0x00000000ec800000|100%| E|CS|TAMS 0x00000000ec700000| PB 0x00000000ec700000| Complete |  0
| 200|0x00000000ec800000, 0x00000000ec900000, 0x00000000ec900000|100%| E|CS|TAMS 0x00000000ec800000| PB 0x00000000ec800000| Complete |  0
| 201|0x00000000ec900000, 0x00000000eca00000, 0x00000000eca00000|100%| E|CS|TAMS 0x00000000ec900000| PB 0x00000000ec900000| Complete |  0
| 202|0x00000000eca00000, 0x00000000ecb00000, 0x00000000ecb00000|100%| E|CS|TAMS 0x00000000eca00000| PB 0x00000000eca00000| Complete |  0
| 203|0x00000000ecb00000, 0x00000000ecc00000, 0x00000000ecc00000|100%| E|CS|TAMS 0x00000000ecb00000| PB 0x00000000ecb00000| Complete |  0
| 204|0x00000000ecc00000, 0x00000000ecd00000, 0x00000000ecd00000|100%| E|CS|TAMS 0x00000000ecc00000| PB 0x00000000ecc00000| Complete |  0
| 205|0x00000000ecd00000, 0x00000000ece00000, 0x00000000ece00000|100%| E|CS|TAMS 0x00000000ecd00000| PB 0x00000000ecd00000| Complete |  0
| 206|0x00000000ece00000, 0x00000000ecf00000, 0x00000000ecf00000|100%| E|CS|TAMS 0x00000000ece00000| PB 0x00000000ece00000| Complete |  0
| 207|0x00000000ecf00000, 0x00000000ed000000, 0x00000000ed000000|100%| E|CS|TAMS 0x00000000ecf00000| PB 0x00000000ecf00000| Complete |  0
| 208|0x00000000ed000000, 0x00000000ed100000, 0x00000000ed100000|100%| E|CS|TAMS 0x00000000ed000000| PB 0x00000000ed000000| Complete |  0
| 209|0x00000000ed100000, 0x00000000ed200000, 0x00000000ed200000|100%| E|CS|TAMS 0x00000000ed100000| PB 0x00000000ed100000| Complete |  0
| 210|0x00000000ed200000, 0x00000000ed300000, 0x00000000ed300000|100%| E|CS|TAMS 0x00000000ed200000| PB 0x00000000ed200000| Complete |  0
| 211|0x00000000ed300000, 0x00000000ed400000, 0x00000000ed400000|100%| E|CS|TAMS 0x00000000ed300000| PB 0x00000000ed300000| Complete |  0
| 212|0x00000000ed400000, 0x00000000ed500000, 0x00000000ed500000|100%| E|CS|TAMS 0x00000000ed400000| PB 0x00000000ed400000| Complete |  0
| 213|0x00000000ed500000, 0x00000000ed600000, 0x00000000ed600000|100%| E|CS|TAMS 0x00000000ed500000| PB 0x00000000ed500000| Complete |  0
| 214|0x00000000ed600000, 0x00000000ed700000, 0x00000000ed700000|100%| E|CS|TAMS 0x00000000ed600000| PB 0x00000000ed600000| Complete |  0
| 215|0x00000000ed700000, 0x00000000ed800000, 0x00000000ed800000|100%| E|CS|TAMS 0x00000000ed700000| PB 0x00000000ed700000| Complete |  0
| 216|0x00000000ed800000, 0x00000000ed900000, 0x00000000ed900000|100%| E|CS|TAMS 0x00000000ed800000| PB 0x00000000ed800000| Complete |  0
| 217|0x00000000ed900000, 0x00000000eda00000, 0x00000000eda00000|100%| E|CS|TAMS 0x00000000ed900000| PB 0x00000000ed900000| Complete |  0
| 218|0x00000000eda00000, 0x00000000edb00000, 0x00000000edb00000|100%| E|CS|TAMS 0x00000000eda00000| PB 0x00000000eda00000| Complete |  0
| 219|0x00000000edb00000, 0x00000000edc00000, 0x00000000edc00000|100%| E|CS|TAMS 0x00000000edb00000| PB 0x00000000edb00000| Complete |  0
| 220|0x00000000edc00000, 0x00000000edcb7a00, 0x00000000edd00000| 71%| S|CS|TAMS 0x00000000edc00000| PB 0x00000000edc00000| Complete |  0
| 221|0x00000000edd00000, 0x00000000ede00000, 0x00000000ede00000|100%| S|CS|TAMS 0x00000000edd00000| PB 0x00000000edd00000| Complete |  0
| 222|0x00000000ede00000, 0x00000000edf00000, 0x00000000edf00000|100%| E|CS|TAMS 0x00000000ede00000| PB 0x00000000ede00000| Complete |  0
| 223|0x00000000edf00000, 0x00000000ee000000, 0x00000000ee000000|100%| E|CS|TAMS 0x00000000edf00000| PB 0x00000000edf00000| Complete |  0
| 224|0x00000000ee000000, 0x00000000ee100000, 0x00000000ee100000|100%| E|CS|TAMS 0x00000000ee000000| PB 0x00000000ee000000| Complete |  0
| 225|0x00000000ee100000, 0x00000000ee200000, 0x00000000ee200000|100%| E|CS|TAMS 0x00000000ee100000| PB 0x00000000ee100000| Complete |  0
| 226|0x00000000ee200000, 0x00000000ee300000, 0x00000000ee300000|100%| E|CS|TAMS 0x00000000ee200000| PB 0x00000000ee200000| Complete |  0
| 227|0x00000000ee300000, 0x00000000ee400000, 0x00000000ee400000|100%| E|CS|TAMS 0x00000000ee300000| PB 0x00000000ee300000| Complete |  0
| 228|0x00000000ee400000, 0x00000000ee500000, 0x00000000ee500000|100%| E|CS|TAMS 0x00000000ee400000| PB 0x00000000ee400000| Complete |  0
| 229|0x00000000ee500000, 0x00000000ee600000, 0x00000000ee600000|100%| E|CS|TAMS 0x00000000ee500000| PB 0x00000000ee500000| Complete |  0
| 230|0x00000000ee600000, 0x00000000ee700000, 0x00000000ee700000|100%| E|CS|TAMS 0x00000000ee600000| PB 0x00000000ee600000| Complete |  0
| 231|0x00000000ee700000, 0x00000000ee800000, 0x00000000ee800000|100%| E|CS|TAMS 0x00000000ee700000| PB 0x00000000ee700000| Complete |  0
| 232|0x00000000ee800000, 0x00000000ee900000, 0x00000000ee900000|100%| E|CS|TAMS 0x00000000ee800000| PB 0x00000000ee800000| Complete |  0
| 233|0x00000000ee900000, 0x00000000eea00000, 0x00000000eea00000|100%| E|CS|TAMS 0x00000000ee900000| PB 0x00000000ee900000| Complete |  0
| 234|0x00000000eea00000, 0x00000000eeb00000, 0x00000000eeb00000|100%| E|CS|TAMS 0x00000000eea00000| PB 0x00000000eea00000| Complete |  0
| 235|0x00000000eeb00000, 0x00000000eec00000, 0x00000000eec00000|100%| E|CS|TAMS 0x00000000eeb00000| PB 0x00000000eeb00000| Complete |  0
| 236|0x00000000eec00000, 0x00000000eed00000, 0x00000000eed00000|100%| E|CS|TAMS 0x00000000eec00000| PB 0x00000000eec00000| Complete |  0
| 237|0x00000000eed00000, 0x00000000eee00000, 0x00000000eee00000|100%| E|CS|TAMS 0x00000000eed00000| PB 0x00000000eed00000| Complete |  0
| 238|0x00000000eee00000, 0x00000000eef00000, 0x00000000eef00000|100%| E|CS|TAMS 0x00000000eee00000| PB 0x00000000eee00000| Complete |  0
| 239|0x00000000eef00000, 0x00000000ef000000, 0x00000000ef000000|100%| E|CS|TAMS 0x00000000eef00000| PB 0x00000000eef00000| Complete |  0
| 240|0x00000000ef000000, 0x00000000ef100000, 0x00000000ef100000|100%| E|  |TAMS 0x00000000ef000000| PB 0x00000000ef000000| Complete |  0
| 241|0x00000000ef100000, 0x00000000ef200000, 0x00000000ef200000|100%| E|CS|TAMS 0x00000000ef100000| PB 0x00000000ef100000| Complete |  0
| 242|0x00000000ef200000, 0x00000000ef300000, 0x00000000ef300000|100%| E|CS|TAMS 0x00000000ef200000| PB 0x00000000ef200000| Complete |  0
| 243|0x00000000ef300000, 0x00000000ef400000, 0x00000000ef400000|100%| E|CS|TAMS 0x00000000ef300000| PB 0x00000000ef300000| Complete |  0
| 244|0x00000000ef400000, 0x00000000ef500000, 0x00000000ef500000|100%| E|CS|TAMS 0x00000000ef400000| PB 0x00000000ef400000| Complete |  0
| 245|0x00000000ef500000, 0x00000000ef600000, 0x00000000ef600000|100%| E|CS|TAMS 0x00000000ef500000| PB 0x00000000ef500000| Complete |  0
| 246|0x00000000ef600000, 0x00000000ef700000, 0x00000000ef700000|100%| E|CS|TAMS 0x00000000ef600000| PB 0x00000000ef600000| Complete |  0
| 247|0x00000000ef700000, 0x00000000ef800000, 0x00000000ef800000|100%| E|CS|TAMS 0x00000000ef700000| PB 0x00000000ef700000| Complete |  0
| 248|0x00000000ef800000, 0x00000000ef900000, 0x00000000ef900000|100%| E|CS|TAMS 0x00000000ef800000| PB 0x00000000ef800000| Complete |  0
| 249|0x00000000ef900000, 0x00000000efa00000, 0x00000000efa00000|100%| E|CS|TAMS 0x00000000ef900000| PB 0x00000000ef900000| Complete |  0
| 250|0x00000000efa00000, 0x00000000efb00000, 0x00000000efb00000|100%| E|CS|TAMS 0x00000000efa00000| PB 0x00000000efa00000| Complete |  0
| 251|0x00000000efb00000, 0x00000000efc00000, 0x00000000efc00000|100%| E|CS|TAMS 0x00000000efb00000| PB 0x00000000efb00000| Complete |  0
| 252|0x00000000efc00000, 0x00000000efd00000, 0x00000000efd00000|100%| E|CS|TAMS 0x00000000efc00000| PB 0x00000000efc00000| Complete |  0
| 253|0x00000000efd00000, 0x00000000efe00000, 0x00000000efe00000|100%| E|CS|TAMS 0x00000000efd00000| PB 0x00000000efd00000| Complete |  0
| 254|0x00000000efe00000, 0x00000000eff00000, 0x00000000eff00000|100%| E|CS|TAMS 0x00000000efe00000| PB 0x00000000efe00000| Complete |  0
| 255|0x00000000eff00000, 0x00000000f0000000, 0x00000000f0000000|100%| E|CS|TAMS 0x00000000eff00000| PB 0x00000000eff00000| Complete |  0

Card table byte_map: [0x000002eed95a0000,0x000002eed96a0000] _byte_map_base: 0x000002eed8ea0000

Marking Bits: (CMBitMap*) 0x000002eec1901540
 Bits: [0x000002eed96a0000, 0x000002eed9ea0000)

Polling page: 0x000002eebf8d0000

Metaspace:

Usage:
  Non-class:     13.03 MB used.
      Class:      2.08 MB used.
       Both:     15.11 MB used.

Virtual space:
  Non-class space:       64.00 MB reserved,      13.25 MB ( 21%) committed,  1 nodes.
      Class space:      320.00 MB reserved,       2.31 MB ( <1%) committed,  1 nodes.
             Both:      384.00 MB reserved,      15.56 MB (  4%) committed. 

Chunk freelists:
   Non-Class:  2.70 MB
       Class:  13.73 MB
        Both:  16.43 MB

MaxMetaspaceSize: 384.00 MB
CompressedClassSpaceSize: 320.00 MB
Initial GC threshold: 21.00 MB
Current GC threshold: 21.00 MB
CDS: on
 - commit_granule_bytes: 65536.
 - commit_granule_words: 8192.
 - virtual_space_node_default_size: 8388608.
 - enlarge_chunks_in_place: 1.
 - use_allocation_guard: 0.


Internal statistics:

num_allocs_failed_limit: 0.
num_arena_births: 556.
num_arena_deaths: 0.
num_vsnodes_births: 2.
num_vsnodes_deaths: 0.
num_space_committed: 249.
num_space_uncommitted: 0.
num_chunks_returned_to_freelist: 0.
num_chunks_taken_from_freelist: 1079.
num_chunk_merges: 0.
num_chunk_splits: 694.
num_chunks_enlarged: 486.
num_inconsistent_stats: 0.

CodeHeap 'non-profiled nmethods': size=119168Kb used=1266Kb max_used=1266Kb free=117901Kb
 bounds [0x000002eed17b0000, 0x000002eed1a20000, 0x000002eed8c10000]
CodeHeap 'profiled nmethods': size=119104Kb used=5845Kb max_used=5845Kb free=113258Kb
 bounds [0x000002eec9c10000, 0x000002eeca1d0000, 0x000002eed1060000]
CodeHeap 'non-nmethods': size=7488Kb used=3181Kb max_used=3199Kb free=4306Kb
 bounds [0x000002eed1060000, 0x000002eed1390000, 0x000002eed17b0000]
 total_blobs=3457 nmethods=2886 adapters=472
 compilation: enabled
              stopped_count=0, restarted_count=0
 full_count=0

Compilation events (20 events):
Event: 1.460 Thread 0x000002eef2686bb0 2875       3       java.lang.reflect.Method::setMethodAccessor (20 bytes)
Event: 1.460 Thread 0x000002eef210e270 nmethod 2874 0x000002eeca1b8910 code [0x000002eeca1b8aa0, 0x000002eeca1b8c08]
Event: 1.460 Thread 0x000002eef2686bb0 nmethod 2875 0x000002eeca1b8d10 code [0x000002eeca1b8ec0, 0x000002eeca1b9180]
Event: 1.462 Thread 0x000002eef2035bc0 2876       3       com.google.common.collect.ImmutableList$Builder::getReadyToExpandTo (66 bytes)
Event: 1.462 Thread 0x000002eef74e1d40 2877       3       com.google.common.collect.ImmutableList$Builder::add (34 bytes)
Event: 1.462 Thread 0x000002eef2686bb0 2878       3       com.google.common.collect.ImmutableList$Builder::add (6 bytes)
Event: 1.462 Thread 0x000002eef2686bb0 nmethod 2878 0x000002eeca1b9290 code [0x000002eeca1b9440, 0x000002eeca1b9578]
Event: 1.462 Thread 0x000002eef2035bc0 nmethod 2876 0x000002eeca1b9610 code [0x000002eeca1b9800, 0x000002eeca1b9c40]
Event: 1.462 Thread 0x000002eef74e1d40 nmethod 2877 0x000002eeca1b9e10 code [0x000002eeca1b9fe0, 0x000002eeca1ba430]
Event: 1.462 Thread 0x000002eef2035bc0 2879       3       org.gradle.internal.file.FileHierarchySet$Node::sizeOfCommonPrefix (10 bytes)
Event: 1.462 Thread 0x000002eef74e1d40 2881       3       org.gradle.internal.file.FilePathUtil::sizeOfCommonPrefix (142 bytes)
Event: 1.462 Thread 0x000002eef210e270 2880       3       org.gradle.internal.file.FilePathUtil::sizeOfCommonPrefix (10 bytes)
Event: 1.463 Thread 0x000002eef2035bc0 nmethod 2879 0x000002eeca1ba610 code [0x000002eeca1ba7c0, 0x000002eeca1ba958]
Event: 1.463 Thread 0x000002eef210e270 nmethod 2880 0x000002eeca1baa10 code [0x000002eeca1babc0, 0x000002eeca1bace0]
Event: 1.463 Thread 0x000002eef210e270 2882       3       org.gradle.internal.file.FileHierarchySet$Node::plusWithCommonPrefixLength (341 bytes)
Event: 1.463 Thread 0x000002eef2686bb0 2883       3       java.lang.reflect.Method::isVarArgs (5 bytes)
Event: 1.463 Thread 0x000002eef2035bc0 2884       3       jdk.internal.reflect.MethodHandleAccessorFactory::ensureClassInitialized (18 bytes)
Event: 1.463 Thread 0x000002eef2686bb0 nmethod 2883 0x000002eeca1bad90 code [0x000002eeca1baf40, 0x000002eeca1bb118]
Event: 1.463 Thread 0x000002eef2035bc0 nmethod 2884 0x000002eeca1bb210 code [0x000002eeca1bb400, 0x000002eeca1bb868]
Event: 1.464 Thread 0x000002eef74e1d40 nmethod 2881 0x000002eeca1bba10 code [0x000002eeca1bbe40, 0x000002eeca1bdf10]

GC Heap History (4 events):
Event: 0.321 GC heap before
{Heap before GC invocations=0 (full 0):
 garbage-first heap   total reserved 524288K, committed 262144K, used 26624K [0x00000000e0000000, 0x0000000100000000)
  region size 1024K, 24 young (24576K), 0 survivors (0K)
 Metaspace       used 1796K, committed 1984K, reserved 393216K
  class space    used 167K, committed 256K, reserved 327680K
}
Event: 0.324 GC heap after
{Heap after GC invocations=1 (full 0):
 garbage-first heap   total reserved 524288K, committed 262144K, used 9371K [0x00000000e0000000, 0x0000000100000000)
  region size 1024K, 3 young (3072K), 3 survivors (3072K)
 Metaspace       used 1796K, committed 1984K, reserved 393216K
  class space    used 167K, committed 256K, reserved 327680K
}
Event: 0.642 GC heap before
{Heap before GC invocations=1 (full 0):
 garbage-first heap   total reserved 524288K, committed 262144K, used 41115K [0x00000000e0000000, 0x0000000100000000)
  region size 1024K, 34 young (34816K), 3 survivors (3072K)
 Metaspace       used 4405K, committed 4608K, reserved 393216K
  class space    used 547K, committed 640K, reserved 327680K
}
Event: 0.644 GC heap after
{Heap after GC invocations=2 (full 0):
 garbage-first heap   total reserved 524288K, committed 262144K, used 11070K [0x00000000e0000000, 0x0000000100000000)
  region size 1024K, 2 young (2048K), 2 survivors (2048K)
 Metaspace       used 4405K, committed 4608K, reserved 393216K
  class space    used 547K, committed 640K, reserved 327680K
}

Dll operation events (15 events):
Event: 0.007 Loaded shared library C:\Users\HP\.jdks\openjdk-22.0.2\bin\java.dll
Event: 0.029 Loaded shared library C:\Users\HP\.jdks\openjdk-22.0.2\bin\jsvml.dll
Event: 0.054 Loaded shared library C:\Users\HP\.jdks\openjdk-22.0.2\bin\zip.dll
Event: 0.055 Loaded shared library C:\Users\HP\.jdks\openjdk-22.0.2\bin\instrument.dll
Event: 0.057 Loaded shared library C:\Users\HP\.jdks\openjdk-22.0.2\bin\net.dll
Event: 0.058 Loaded shared library C:\Users\HP\.jdks\openjdk-22.0.2\bin\nio.dll
Event: 0.060 Loaded shared library C:\Users\HP\.jdks\openjdk-22.0.2\bin\zip.dll
Event: 0.183 Loaded shared library C:\Users\HP\.jdks\openjdk-22.0.2\bin\jimage.dll
Event: 0.271 Loaded shared library C:\Users\HP\.jdks\openjdk-22.0.2\bin\verify.dll
Event: 0.365 Loaded shared library C:\Users\HP\.gradle\native\1def1411415f61bf3af743bc5b6707747c0891f09f0c88961ee8f79bc544acac\windows-amd64\native-platform.dll
Event: 0.369 Loaded shared library C:\Users\HP\.gradle\native\0.2.5\x86_64-windows-gnu\gradle-fileevents.dll
Event: 0.886 Loaded shared library C:\Users\HP\.jdks\openjdk-22.0.2\bin\management.dll
Event: 0.889 Loaded shared library C:\Users\HP\.jdks\openjdk-22.0.2\bin\management_ext.dll
Event: 1.022 Loaded shared library C:\Users\HP\.jdks\openjdk-22.0.2\bin\extnet.dll
Event: 1.131 Loaded shared library C:\Users\HP\.jdks\openjdk-22.0.2\bin\sunmscapi.dll

Deoptimization events (20 events):
Event: 1.269 Thread 0x000002eef81e2790 Uncommon trap: trap_request=0xffffff45 fr.pc=0x000002eed17f36f8 relative=0x0000000000000198
Event: 1.269 Thread 0x000002eef81e2790 Uncommon trap: reason=unstable_if action=reinterpret pc=0x000002eed17f36f8 method=java.util.HashMap.getNode(Ljava/lang/Object;)Ljava/util/HashMap$Node; @ 66 c2
Event: 1.269 Thread 0x000002eef81e2790 DEOPT PACKING pc=0x000002eed17f36f8 sp=0x000000f6305fc580
Event: 1.269 Thread 0x000002eef81e2790 DEOPT UNPACKING pc=0x000002eed10b46a2 sp=0x000000f6305fc500 mode 2
Event: 1.272 Thread 0x000002eef81e2790 Uncommon trap: trap_request=0xffffffc6 fr.pc=0x000002eed1839880 relative=0x00000000000003a0
Event: 1.272 Thread 0x000002eef81e2790 Uncommon trap: reason=bimorphic_or_optimized_type_check action=maybe_recompile pc=0x000002eed1839880 method=java.util.concurrent.ConcurrentHashMap.get(Ljava/lang/Object;)Ljava/lang/Object; @ 149 c2
Event: 1.272 Thread 0x000002eef81e2790 DEOPT PACKING pc=0x000002eed1839880 sp=0x000000f6305fbff0
Event: 1.272 Thread 0x000002eef81e2790 DEOPT UNPACKING pc=0x000002eed10b46a2 sp=0x000000f6305fbf60 mode 2
Event: 1.274 Thread 0x000002eef81e2790 Uncommon trap: trap_request=0xffffff45 fr.pc=0x000002eed183982c relative=0x000000000000034c
Event: 1.274 Thread 0x000002eef81e2790 Uncommon trap: reason=unstable_if action=reinterpret pc=0x000002eed183982c method=java.util.concurrent.ConcurrentHashMap.get(Ljava/lang/Object;)Ljava/lang/Object; @ 76 c2
Event: 1.274 Thread 0x000002eef81e2790 DEOPT PACKING pc=0x000002eed183982c sp=0x000000f6305fbaa0
Event: 1.274 Thread 0x000002eef81e2790 DEOPT UNPACKING pc=0x000002eed10b46a2 sp=0x000000f6305fba18 mode 2
Event: 1.445 Thread 0x000002eef81e2790 Uncommon trap: trap_request=0xffffff45 fr.pc=0x000002eed18991e0 relative=0x00000000000000c0
Event: 1.445 Thread 0x000002eef81e2790 Uncommon trap: reason=unstable_if action=reinterpret pc=0x000002eed18991e0 method=jdk.internal.misc.Unsafe.convEndian(ZI)I @ 4 c2
Event: 1.445 Thread 0x000002eef81e2790 DEOPT PACKING pc=0x000002eed18991e0 sp=0x000000f6305fb160
Event: 1.445 Thread 0x000002eef81e2790 DEOPT UNPACKING pc=0x000002eed10b46a2 sp=0x000000f6305faff8 mode 2
Event: 1.445 Thread 0x000002eef81e2790 Uncommon trap: trap_request=0xffffff45 fr.pc=0x000002eed18988ac relative=0x000000000000008c
Event: 1.445 Thread 0x000002eef81e2790 Uncommon trap: reason=unstable_if action=reinterpret pc=0x000002eed18988ac method=jdk.internal.misc.Unsafe.convEndian(ZI)I @ 4 c2
Event: 1.445 Thread 0x000002eef81e2790 DEOPT PACKING pc=0x000002eed18988ac sp=0x000000f6305fb0c0
Event: 1.445 Thread 0x000002eef81e2790 DEOPT UNPACKING pc=0x000002eed10b46a2 sp=0x000000f6305faff0 mode 2

Classes loaded (20 events):
Event: 1.402 Loading class java/nio/file/attribute/PosixFilePermissions$1
Event: 1.402 Loading class java/nio/file/attribute/PosixFilePermissions$1 done
Event: 1.413 Loading class java/util/concurrent/ArrayBlockingQueue
Event: 1.414 Loading class java/util/concurrent/ArrayBlockingQueue done
Event: 1.414 Loading class java/util/concurrent/locks/ReentrantLock$FairSync
Event: 1.414 Loading class java/util/concurrent/locks/ReentrantLock$FairSync done
Event: 1.416 Loading class sun/misc/Unsafe
Event: 1.416 Loading class sun/misc/Unsafe done
Event: 1.419 Loading class java/net/DatagramPacket
Event: 1.419 Loading class java/net/DatagramPacket done
Event: 1.420 Loading class sun/nio/ch/DatagramChannelImpl$DatagramPackets
Event: 1.420 Loading class sun/nio/ch/DatagramChannelImpl$DatagramPackets done
Event: 1.443 Loading class sun/security/provider/MD5
Event: 1.443 Loading class sun/security/provider/MD5 done
Event: 1.443 Loading class sun/security/provider/SHA5$SHA512
Event: 1.444 Loading class sun/security/provider/SHA5
Event: 1.444 Loading class sun/security/provider/SHA5 done
Event: 1.444 Loading class sun/security/provider/SHA5$SHA512 done
Event: 1.445 Loading class sun/security/provider/ByteArrayAccess$LE
Event: 1.445 Loading class sun/security/provider/ByteArrayAccess$LE done

Classes unloaded (0 events):
No events

Classes redefined (0 events):
No events

Internal exceptions (20 events):
Event: 1.015 Thread 0x000002eebf6cfa90 Exception <a 'java/lang/NoSuchMethodError'{0x00000000ed8ec768}: 'java.lang.Object java.lang.invoke.DirectMethodHandle$Holder.invokeStaticInit(java.lang.Object, java.lang.Object, int, int, int, int)'> (0x00000000ed8ec768) 
thrown [s\open\src\hotspot\share\interpreter\linkResolver.cpp, line 774]
Event: 1.075 Thread 0x000002eebf6cfa90 Implicit null exception at 0x000002eed1829589 to 0x000002eed1829e28
Event: 1.076 Thread 0x000002eebf6cfa90 Implicit null exception at 0x000002eed17cd9bd to 0x000002eed17cda3d
Event: 1.103 Thread 0x000002eebf6cfa90 Exception <a 'java/io/IOException'{0x00000000ed4ca9c8}> (0x00000000ed4ca9c8) 
thrown [s\open\src\hotspot\share\prims\jni.cpp, line 520]
Event: 1.106 Thread 0x000002eebf6cfa90 Implicit null exception at 0x000002eed17fb7a4 to 0x000002eed17fbd44
Event: 1.109 Thread 0x000002eebf6cfa90 Exception <a 'java/lang/NoSuchMethodError'{0x00000000ed325b18}: 'java.lang.Object java.lang.invoke.DirectMethodHandle$Holder.newInvokeSpecial(java.lang.Object, java.lang.Object, java.lang.Object, java.lang.Object, java.lang.Object)'> (0x00000000ed325b18) 
thrown [s\open\src\hotspot\share\interpreter\linkResolver.cpp, line 774]
Event: 1.172 Thread 0x000002eef849e4c0 Exception <a 'java/lang/NoSuchMethodError'{0x00000000ed1e3728}: 'void java.lang.invoke.DirectMethodHandle$Holder.invokeSpecial(java.lang.Object, java.lang.Object, java.lang.Object)'> (0x00000000ed1e3728) 
thrown [s\open\src\hotspot\share\interpreter\linkResolver.cpp, line 774]
Event: 1.211 Thread 0x000002eef81e2790 Exception <a 'java/lang/NoSuchMethodError'{0x00000000ecaba928}: 'long java.lang.invoke.DirectMethodHandle$Holder.invokeInterface(java.lang.Object, java.lang.Object)'> (0x00000000ecaba928) 
thrown [s\open\src\hotspot\share\interpreter\linkResolver.cpp, line 774]
Event: 1.249 Thread 0x000002eef81e2790 Exception <a 'java/lang/NoSuchMethodError'{0x00000000ec6f0788}: 'void java.lang.invoke.DirectMethodHandle$Holder.invokeStatic(java.lang.Object, java.lang.Object)'> (0x00000000ec6f0788) 
thrown [s\open\src\hotspot\share\interpreter\linkResolver.cpp, line 774]
Event: 1.255 Thread 0x000002eef81e2790 Exception <a 'java/lang/NoSuchMethodError'{0x00000000ec5329e8}: 'java.lang.Object java.lang.invoke.DirectMethodHandle$Holder.invokeVirtual(java.lang.Object, java.lang.Object, java.lang.Object, java.lang.Object, java.lang.Object, java.lang.Object, java.lang.Object, java.lang.Object, java.lang.Object, java.lang.Object, java.lang.Object, java.lang.Object)'> (0x00000000ec5329e8) 
thrown [s\open\src\hotspot\share\interpreter\linkResolver.cpp, line 774]
Event: 1.255 Thread 0x000002eef81e2790 Exception <a 'java/lang/NoSuchMethodError'{0x00000000ec537a00}: 'java.lang.Object java.lang.invoke.DirectMethodHandle$Holder.invokeSpecial(java.lang.Object, java.lang.Object, java.lang.Object, java.lang.Object, java.lang.Object, java.lang.Object, java.lang.Object, java.lang.Object, java.lang.Object, java.lang.Object, java.lang.Object, java.lang.Object, java.lang.Object)'> (0x00000000ec537a00) 
thrown [s\open\src\hotspot\share\interpreter\linkResolver.cpp, line 774]
Event: 1.278 Thread 0x000002eef81e2790 Exception <a 'java/lang/NoSuchMethodError'{0x00000000ec318ee8}: 'int java.lang.invoke.DirectMethodHandle$Holder.invokeVirtual(java.lang.Object, java.lang.Object, java.lang.Object)'> (0x00000000ec318ee8) 
thrown [s\open\src\hotspot\share\interpreter\linkResolver.cpp, line 774]
Event: 1.300 Thread 0x000002eef81e2790 Exception <a 'java/lang/NoSuchMethodError'{0x00000000ec170090}: 'java.lang.Object java.lang.invoke.DirectMethodHandle$Holder.newInvokeSpecial(java.lang.Object, java.lang.Object, java.lang.Object, java.lang.Object, java.lang.Object, java.lang.Object)'> (0x00000000ec170090) 
thrown [s\open\src\hotspot\share\interpreter\linkResolver.cpp, line 774]
Event: 1.337 Thread 0x000002eef81e2790 Exception <a 'java/lang/NoSuchMethodError'{0x00000000ebe34218}: 'void java.lang.invoke.DelegatingMethodHandle$Holder.reinvoke_L(java.lang.Object, java.lang.Object, java.lang.Object, java.lang.Object, java.lang.Object, java.lang.Object, java.lang.Object, java.lang.Object, java.lang.Object, java.lang.Object)'> (0x00000000ebe34218) 
thrown [s\open\src\hotspot\share\interpreter\linkResolver.cpp, line 774]
Event: 1.337 Thread 0x000002eef81e2790 Exception <a 'java/lang/NoSuchMethodError'{0x00000000ebe3bcd8}: 'java.lang.Object java.lang.invoke.Invokers$Holder.invoker(java.lang.Object, java.lang.Object, java.lang.Object, java.lang.Object, java.lang.Object, java.lang.Object, java.lang.Object, java.lang.Object, java.lang.Object, java.lang.Object)'> (0x00000000ebe3bcd8) 
thrown [s\open\src\hotspot\share\interpreter\linkResolver.cpp, line 774]
Event: 1.386 Thread 0x000002eef81e2790 Exception <a 'java/lang/NoSuchMethodError'{0x00000000eba70458}: 'void java.lang.invoke.DirectMethodHandle$Holder.invokeVirtual(java.lang.Object, java.lang.Object, java.lang.Object, java.lang.Object, java.lang.Object)'> (0x00000000eba70458) 
thrown [s\open\src\hotspot\share\interpreter\linkResolver.cpp, line 774]
Event: 1.403 Thread 0x000002eef81e2790 Exception <a 'java/lang/NoSuchMethodError'{0x00000000eb844d00}: 'void java.lang.invoke.DirectMethodHandle$Holder.invokeInterface(java.lang.Object, java.lang.Object)'> (0x00000000eb844d00) 
thrown [s\open\src\hotspot\share\interpreter\linkResolver.cpp, line 774]
Event: 1.404 Thread 0x000002eef81e2790 Exception <a 'java/lang/IncompatibleClassChangeError'{0x00000000eb848270}: Found class java.lang.Object, but interface was expected> (0x00000000eb848270) 
thrown [s\open\src\hotspot\share\interpreter\linkResolver.cpp, line 841]
Event: 1.415 Thread 0x000002eef81e2790 Exception <a 'java/lang/NoSuchMethodError'{0x00000000eb764568}: 'java.lang.Object java.lang.invoke.DirectMethodHandle$Holder.newInvokeSpecial(java.lang.Object, java.lang.Object, int)'> (0x00000000eb764568) 
thrown [s\open\src\hotspot\share\interpreter\linkResolver.cpp, line 774]
Event: 1.454 Thread 0x000002eef81e2790 Exception <a 'java/lang/NoSuchMethodError'{0x00000000eb3ee968}: 'java.lang.Object java.lang.invoke.DirectMethodHandle$Holder.invokeVirtual(java.lang.Object, java.lang.Object, java.lang.Object, java.lang.Object, java.lang.Object, java.lang.Object, java.lang.Object, java.lang.Object)'> (0x00000000eb3ee968) 
thrown [s\open\src\hotspot\share\interpreter\linkResolver.cpp, line 774]

ZGC Phase Switch (0 events):
No events

VM Operations (20 events):
Event: 0.913 Executing VM operation: HandshakeAllThreads (Deoptimize)
Event: 0.913 Executing VM operation: HandshakeAllThreads (Deoptimize) done
Event: 0.915 Executing VM operation: HandshakeAllThreads (Deoptimize)
Event: 0.915 Executing VM operation: HandshakeAllThreads (Deoptimize) done
Event: 0.915 Executing VM operation: HandshakeAllThreads (Deoptimize)
Event: 0.915 Executing VM operation: HandshakeAllThreads (Deoptimize) done
Event: 0.959 Executing VM operation: HandshakeAllThreads (Deoptimize)
Event: 0.959 Executing VM operation: HandshakeAllThreads (Deoptimize) done
Event: 0.982 Executing VM operation: HandshakeAllThreads (Deoptimize)
Event: 0.982 Executing VM operation: HandshakeAllThreads (Deoptimize) done
Event: 1.008 Executing VM operation: HandshakeAllThreads (Deoptimize)
Event: 1.008 Executing VM operation: HandshakeAllThreads (Deoptimize) done
Event: 1.011 Executing VM operation: ICBufferFull
Event: 1.011 Executing VM operation: ICBufferFull done
Event: 1.116 Executing VM operation: HandshakeAllThreads (Deoptimize)
Event: 1.116 Executing VM operation: HandshakeAllThreads (Deoptimize) done
Event: 1.275 Executing VM operation: ICBufferFull
Event: 1.275 Executing VM operation: ICBufferFull done
Event: 1.414 Executing VM operation: HandshakeAllThreads (Deoptimize)
Event: 1.414 Executing VM operation: HandshakeAllThreads (Deoptimize) done

Memory protections (0 events):
No events

Nmethod flushes (0 events):
No events

Events (20 events):
Event: 0.067 Thread 0x000002eebf6cfa90 Thread added: 0x000002eef232d990
Event: 0.181 Thread 0x000002eef210e270 Thread added: 0x000002eef23ca410
Event: 0.183 Thread 0x000002eef210e270 Thread added: 0x000002eef23caad0
Event: 0.183 Thread 0x000002eef210e270 Thread added: 0x000002eef23cb190
Event: 0.190 Thread 0x000002eef2035bc0 Thread added: 0x000002eef2686bb0
Event: 0.194 Thread 0x000002eef2034480 Thread added: 0x000002eef2687270
Event: 0.287 Thread 0x000002eef2686bb0 Thread added: 0x000002eef74e1d40
Event: 0.915 Thread 0x000002eebf6cfa90 Thread added: 0x000002eef82995a0
Event: 1.049 Thread 0x000002eebf6cfa90 Thread added: 0x000002eef8242440
Event: 1.112 Thread 0x000002eebf6cfa90 Thread added: 0x000002eef7f29600
Event: 1.141 Thread 0x000002eef8242440 Thread added: 0x000002eef849e4c0
Event: 1.143 Thread 0x000002eef849e4c0 Thread added: 0x000002eef849ef00
Event: 1.168 Thread 0x000002eef849e4c0 Thread added: 0x000002eef81dc960
Event: 1.172 Thread 0x000002eef849e4c0 Thread added: 0x000002eef81e2790
Event: 1.179 Thread 0x000002eef81e2790 Thread added: 0x000002eef81df310
Event: 1.181 Thread 0x000002eef81e2790 Thread added: 0x000002eef81e1a70
Event: 1.183 Thread 0x000002eef81e2790 Thread added: 0x000002eef81e13e0
Event: 1.414 Thread 0x000002eef81e2790 Thread added: 0x000002eef81e06c0
Event: 1.419 Thread 0x000002eef81e2790 Thread added: 0x000002eef81df9a0
Event: 1.439 Thread 0x000002eef81e2790 Thread added: 0x000002eef81e0030


Dynamic libraries:
0x00007ff6b8cd0000 - 0x00007ff6b8cde000 	C:\Users\HP\.jdks\openjdk-22.0.2\bin\java.exe
0x00007ff985d10000 - 0x00007ff985f27000 	C:\windows\SYSTEM32\ntdll.dll
0x00007ff9854e0000 - 0x00007ff9855a4000 	C:\windows\System32\KERNEL32.DLL
0x00007ff9830e0000 - 0x00007ff9834b3000 	C:\windows\System32\KERNELBASE.dll
0x00007ff982fc0000 - 0x00007ff9830d1000 	C:\windows\System32\ucrtbase.dll
0x00007ff943b00000 - 0x00007ff943b1b000 	C:\Users\HP\.jdks\openjdk-22.0.2\bin\VCRUNTIME140.dll
0x00007ff9757e0000 - 0x00007ff9757f7000 	C:\Users\HP\.jdks\openjdk-22.0.2\bin\jli.dll
0x00007ff9839b0000 - 0x00007ff983b61000 	C:\windows\System32\USER32.dll
0x00007ff983600000 - 0x00007ff983626000 	C:\windows\System32\win32u.dll
0x00007ff9634e0000 - 0x00007ff963778000 	C:\windows\WinSxS\amd64_microsoft.windows.common-controls_6595b64144ccf1df_6.0.22621.5124_none_270e8f4f7386d69d\COMCTL32.dll
0x00007ff984780000 - 0x00007ff9847a9000 	C:\windows\System32\GDI32.dll
0x00007ff984940000 - 0x00007ff9849e7000 	C:\windows\System32\msvcrt.dll
0x00007ff983630000 - 0x00007ff98374b000 	C:\windows\System32\gdi32full.dll
0x00007ff9837d0000 - 0x00007ff98386a000 	C:\windows\System32\msvcp_win.dll
0x00007ff985b40000 - 0x00007ff985b71000 	C:\windows\System32\IMM32.DLL
0x00007ff9729f0000 - 0x00007ff9729fc000 	C:\Users\HP\.jdks\openjdk-22.0.2\bin\vcruntime140_1.dll
0x00007ff903650000 - 0x00007ff9036de000 	C:\Users\HP\.jdks\openjdk-22.0.2\bin\msvcp140.dll
0x00007ff8f7d10000 - 0x00007ff8f8a59000 	C:\Users\HP\.jdks\openjdk-22.0.2\bin\server\jvm.dll
0x00007ff984230000 - 0x00007ff9842e1000 	C:\windows\System32\ADVAPI32.dll
0x00007ff985c20000 - 0x00007ff985cc8000 	C:\windows\System32\sechost.dll
0x00007ff982e20000 - 0x00007ff982e48000 	C:\windows\System32\bcrypt.dll
0x00007ff984820000 - 0x00007ff984934000 	C:\windows\System32\RPCRT4.dll
0x00007ff9849f0000 - 0x00007ff984a61000 	C:\windows\System32\WS2_32.dll
0x00007ff982b40000 - 0x00007ff982b8d000 	C:\windows\SYSTEM32\POWRPROF.dll
0x00007ff979b50000 - 0x00007ff979b84000 	C:\windows\SYSTEM32\WINMM.dll
0x00007ff9773d0000 - 0x00007ff9773da000 	C:\windows\SYSTEM32\VERSION.dll
0x00007ff982b20000 - 0x00007ff982b33000 	C:\windows\SYSTEM32\UMPDC.dll
0x00007ff981e20000 - 0x00007ff981e38000 	C:\windows\SYSTEM32\kernel.appcore.dll
0x00007ff962df0000 - 0x00007ff962dfa000 	C:\Users\HP\.jdks\openjdk-22.0.2\bin\jimage.dll
0x00007ff980330000 - 0x00007ff980562000 	C:\windows\SYSTEM32\DBGHELP.DLL
0x00007ff9843e0000 - 0x00007ff984772000 	C:\windows\System32\combase.dll
0x00007ff9842f0000 - 0x00007ff9843c7000 	C:\windows\System32\OLEAUT32.dll
0x00007ff9632f0000 - 0x00007ff963322000 	C:\windows\SYSTEM32\dbgcore.DLL
0x00007ff9834c0000 - 0x00007ff98353b000 	C:\windows\System32\bcryptPrimitives.dll
0x00007ff962ca0000 - 0x00007ff962caf000 	C:\Users\HP\.jdks\openjdk-22.0.2\bin\instrument.dll
0x00007ff92a280000 - 0x00007ff92a29e000 	C:\Users\HP\.jdks\openjdk-22.0.2\bin\java.dll
0x00007ff984c30000 - 0x00007ff9854c6000 	C:\windows\System32\SHELL32.dll
0x00007ff983870000 - 0x00007ff9839af000 	C:\windows\System32\wintypes.dll
0x00007ff985630000 - 0x00007ff9857d1000 	C:\windows\System32\ole32.dll
0x00007ff980b80000 - 0x00007ff98149a000 	C:\windows\SYSTEM32\windows.storage.dll
0x00007ff985800000 - 0x00007ff98590a000 	C:\windows\System32\SHCORE.dll
0x00007ff9847b0000 - 0x00007ff984813000 	C:\windows\System32\shlwapi.dll
0x00007ff982d50000 - 0x00007ff982d7b000 	C:\windows\SYSTEM32\profapi.dll
0x00007ff8fe4e0000 - 0x00007ff8fe5b7000 	C:\Users\HP\.jdks\openjdk-22.0.2\bin\jsvml.dll
0x00007ff927a70000 - 0x00007ff927a87000 	C:\Users\HP\.jdks\openjdk-22.0.2\bin\zip.dll
0x00007ff93ae40000 - 0x00007ff93ae50000 	C:\Users\HP\.jdks\openjdk-22.0.2\bin\net.dll
0x00007ff9822b0000 - 0x00007ff98231a000 	C:\windows\system32\mswsock.dll
0x00007ff927a50000 - 0x00007ff927a66000 	C:\Users\HP\.jdks\openjdk-22.0.2\bin\nio.dll
0x00007ff939e00000 - 0x00007ff939e10000 	C:\Users\HP\.jdks\openjdk-22.0.2\bin\verify.dll
0x00007ff929f60000 - 0x00007ff929f87000 	C:\Users\HP\.gradle\native\1def1411415f61bf3af743bc5b6707747c0891f09f0c88961ee8f79bc544acac\windows-amd64\native-platform.dll
0x000000005d870000 - 0x000000005d8e3000 	C:\Users\HP\.gradle\native\0.2.5\x86_64-windows-gnu\gradle-fileevents.dll
0x00007ff931830000 - 0x00007ff93183a000 	C:\Users\HP\.jdks\openjdk-22.0.2\bin\management.dll
0x00007ff929bb0000 - 0x00007ff929bbb000 	C:\Users\HP\.jdks\openjdk-22.0.2\bin\management_ext.dll
0x00007ff985c10000 - 0x00007ff985c18000 	C:\windows\System32\PSAPI.DLL
0x00007ff982530000 - 0x00007ff98254b000 	C:\windows\SYSTEM32\CRYPTSP.dll
0x00007ff981d80000 - 0x00007ff981db7000 	C:\windows\system32\rsaenh.dll
0x00007ff9823c0000 - 0x00007ff9823e8000 	C:\windows\SYSTEM32\USERENV.dll
0x00007ff982520000 - 0x00007ff98252c000 	C:\windows\SYSTEM32\CRYPTBASE.dll
0x00007ff981860000 - 0x00007ff98188d000 	C:\windows\SYSTEM32\IPHLPAPI.DLL
0x00007ff9843d0000 - 0x00007ff9843d9000 	C:\windows\System32\NSI.dll
0x00007ff927f50000 - 0x00007ff927f59000 	C:\Users\HP\.jdks\openjdk-22.0.2\bin\extnet.dll
0x00007ff927af0000 - 0x00007ff927afe000 	C:\Users\HP\.jdks\openjdk-22.0.2\bin\sunmscapi.dll
0x00007ff982e50000 - 0x00007ff982fb7000 	C:\windows\System32\CRYPT32.dll
0x00007ff9826e0000 - 0x00007ff98270d000 	C:\windows\SYSTEM32\ncrypt.dll
0x00007ff9826a0000 - 0x00007ff9826d7000 	C:\windows\SYSTEM32\NTASN1.dll
0x00007ff94fff0000 - 0x00007ff94fff8000 	C:\windows\system32\wshunix.dll

dbghelp: loaded successfully - version: 4.0.5 - missing functions: none
symbol engine: initialized successfully - sym options: 0x614 - pdb path: .;C:\Users\HP\.jdks\openjdk-22.0.2\bin;C:\windows\SYSTEM32;C:\windows\WinSxS\amd64_microsoft.windows.common-controls_6595b64144ccf1df_6.0.22621.5124_none_270e8f4f7386d69d;C:\Users\HP\.jdks\openjdk-22.0.2\bin\server;C:\Users\HP\.gradle\native\1def1411415f61bf3af743bc5b6707747c0891f09f0c88961ee8f79bc544acac\windows-amd64;C:\Users\HP\.gradle\native\0.2.5\x86_64-windows-gnu

VM Arguments:
jvm_args: --add-opens=java.base/java.lang=ALL-UNNAMED --add-opens=java.base/java.lang.invoke=ALL-UNNAMED --add-opens=java.base/java.util=ALL-UNNAMED --add-opens=java.prefs/java.util.prefs=ALL-UNNAMED --add-exports=jdk.compiler/com.sun.tools.javac.api=ALL-UNNAMED --add-exports=jdk.compiler/com.sun.tools.javac.util=ALL-UNNAMED --add-opens=java.base/java.util=ALL-UNNAMED --add-opens=java.prefs/java.util.prefs=ALL-UNNAMED --add-opens=java.base/java.nio.charset=ALL-UNNAMED --add-opens=java.base/java.net=ALL-UNNAMED --add-opens=java.base/java.util.concurrent.atomic=ALL-UNNAMED --add-opens=java.xml/javax.xml.namespace=ALL-UNNAMED -XX:MaxMetaspaceSize=384m -XX:+HeapDumpOnOutOfMemoryError -Xms256m -Xmx512m -Dfile.encoding=windows-1252 -Duser.country=US -Duser.language=en -Duser.variant -javaagent:C:\gradle-8.12\lib\agents\gradle-instrumentation-agent-8.12.jar 
java_command: org.gradle.launcher.daemon.bootstrap.GradleDaemon 8.12
java_class_path (initial): C:\gradle-8.12\lib\gradle-daemon-main-8.12.jar
Launcher Type: SUN_STANDARD

[Global flags]
     intx CICompilerCount                          = 12                                        {product} {ergonomic}
   size_t CompressedClassSpaceSize                 = 335544320                                 {product} {ergonomic}
     uint ConcGCThreads                            = 3                                         {product} {ergonomic}
     uint G1ConcRefinementThreads                  = 13                                        {product} {ergonomic}
   size_t G1HeapRegionSize                         = 1048576                                   {product} {ergonomic}
     bool HeapDumpOnOutOfMemoryError               = true                                   {manageable} {command line}
   size_t InitialHeapSize                          = 268435456                                 {product} {command line}
   size_t MarkStackSize                            = 4194304                                   {product} {ergonomic}
   size_t MaxHeapSize                              = 536870912                                 {product} {command line}
   size_t MaxMetaspaceSize                         = 402653184                                 {product} {command line}
   size_t MaxNewSize                               = 321912832                                 {product} {ergonomic}
   size_t MinHeapDeltaBytes                        = 1048576                                   {product} {ergonomic}
   size_t MinHeapSize                              = 268435456                                 {product} {command line}
    uintx NonNMethodCodeHeapSize                   = 7602480                                {pd product} {ergonomic}
    uintx NonProfiledCodeHeapSize                  = 122027880                              {pd product} {ergonomic}
    uintx ProfiledCodeHeapSize                     = 122027880                              {pd product} {ergonomic}
    uintx ReservedCodeCacheSize                    = 251658240                              {pd product} {ergonomic}
     bool SegmentedCodeCache                       = true                                      {product} {ergonomic}
   size_t SoftMaxHeapSize                          = 536870912                              {manageable} {ergonomic}
     bool UseCompressedOops                        = true                           {product lp64_product} {ergonomic}
     bool UseG1GC                                  = true                                      {product} {ergonomic}
     bool UseLargePagesIndividualAllocation        = false                                  {pd product} {ergonomic}

Logging:
Log output configuration:
 #0: stdout all=warning uptime,level,tags foldmultilines=false
 #1: stderr all=off uptime,level,tags foldmultilines=false

Environment Variables:
PATH=C:\Program Files\Common Files\Oracle\Java\javapath;C:\Program Files\Microsoft MPI\Bin\;C:\Program Files (x86)\Common Files\Intel\Shared Files\cpp\bin\Intel64;C:\windows\system32;C:\windows;C:\windows\System32\Wbem;C:\windows\System32\WindowsPowerShell\v1.0\;C:\windows\System32\OpenSSH\;C:\Program Files\HP\HP One Agent;C:\Program Files\MongoDB\Server\6.0\bin;C:\Program Files\MongoDB\Tools\100\bin;D:\Dai_hoc\temp\ffmpeg-2024-11-06-git-4047b887fc-full_build\ffmpeg-2024-11-06-git-4047b887fc-full_build\bin;C:\Program Files\Git\cmd;C:\Program Files\Docker\Docker\resources\bin;C:\Program Files (x86)\Microsoft SQL Server\110\Tools\Binn\ManagementStudio\;C:\Program Files (x86)\Microsoft SQL Server\110\Tools\Binn\;C:\Program Files\Microsoft SQL Server\110\Tools\Binn\;C:\Program Files (x86)\Microsoft SQL Server\110\DTS\Binn\;C:\Program Files\Microsoft SQL Server\110\DTS\Binn\;C:\Program Files (x86)\Microsoft Visual Studio 10.0\Common7\IDE\PrivateAssemblies\;C:\Users\HP\AppData\Local\Programs\Python\Python37\Scripts\;C:\Users\HP\AppData\Local\Programs\Python\Python37\;C:\Program Files (x86)\Common Files\Oracle\Java\java8path;C:\Program Files (x86)\Common Files\Oracle\Java\javapath;C:\Program Files\Microsoft MPI\Bin\;C:\Program Files (x86)\Common Files\Intel\Shared Files\cpp\bin\Intel64;C:\windows\system32;C:\windows;C:\windows\System32\Wbem;C:\windows\System32\WindowsPowerShell\v1.0\;C:\windows\System32\OpenSSH\;C:\Program Files\HP\HP One Agent;C:\Program Files\MongoDB\Server\6.0\bin;C:\Program Files\MongoDB\Tools\100\bin;D:\Dai_hoc\temp\ffmpeg-2024-11-06-git-4047b887fc-full_build\ffmpeg-2024-11-06-git-4047b887fc-full_build\bin;C:\Program Files\Git\cmd;C:\Program Files\Docker\Docker\resources\bin;D:\Dai_hoc\App\python3.8.8\Scripts\;D:\Dai_hoc\App\python3.8.8\;D:\Dai_hoc\App\python\python3.9.13\Scripts\;D:\Dai_hoc\App\python\python3.9.13\;D:\Dai_hoc\App\python\python3.8\Scripts\;D:\Dai_hoc\App\python\python3.8\;D:\Dai_hoc\App\python\python3.10\Scripts\;D:\Dai_hoc\App\python\python3.10\;D:\Dai_hoc\App\python\python3.7\Scripts\;D:\Dai_hoc\App\python\python3.7\;D:\Dai_hoc\App\;C:\Program Files (x86)\Microsoft Visual Studio\2022\BuildTools\VC\Tools\MSVC\14.42.34433\bin\Hostx64\x64;C:\Program Files (x86)\Windows Kits\10\Include\10.0.22621.0\ucrt;C:\Users\HP\AppData\Local\Programs\Microsoft VS Code\bin;D:\Dai_hoc\App\windsurf\Windsurf\bin;D:\Dai_hoc\App\ffmpeg-2025-04-17-git-7684243fbe-essentials_build\ffmpeg-2025-04-17-git-7684243fbe-essentials_build\bin;
USERNAME=HP
OS=Windows_NT
PROCESSOR_IDENTIFIER=Intel64 Family 6 Model 154 Stepping 3, GenuineIntel
TMP=C:\Users\HP\AppData\Local\Temp
TEMP=C:\Users\HP\AppData\Local\Temp




Periodic native trim disabled

---------------  S Y S T E M  ---------------

OS:
 Windows 11 , 64 bit Build 22621 (10.0.22621.5124)
OS uptime: 0 days 4:56 hours
Hyper-V role detected

CPU: total 16 (initial active 16) (8 cores per cpu, 2 threads per core) family 6 model 154 stepping 3 microcode 0x42c, cx8, cmov, fxsr, ht, mmx, 3dnowpref, sse, sse2, sse3, ssse3, sse4.1, sse4.2, popcnt, lzcnt, tsc, tscinvbit, avx, avx2, aes, erms, clmul, bmi1, bmi2, adx, sha, fma, vzeroupper, clflush, clflushopt, clwb, hv, serialize, rdtscp, rdpid, fsrm, f16c, cet_ibt, cet_ss
Processor Information for processor 0
  Max Mhz: 2100, Current Mhz: 2100, Mhz Limit: 2100
Processor Information for processor 1
  Max Mhz: 2100, Current Mhz: 2100, Mhz Limit: 2100
Processor Information for processor 2
  Max Mhz: 2100, Current Mhz: 2100, Mhz Limit: 2100
Processor Information for processor 3
  Max Mhz: 2100, Current Mhz: 2100, Mhz Limit: 2100
Processor Information for processor 4
  Max Mhz: 2100, Current Mhz: 2100, Mhz Limit: 2100
Processor Information for processor 5
  Max Mhz: 2100, Current Mhz: 1453, Mhz Limit: 2100
Processor Information for processor 6
  Max Mhz: 2100, Current Mhz: 2100, Mhz Limit: 2100
Processor Information for processor 7
  Max Mhz: 2100, Current Mhz: 2100, Mhz Limit: 2100
Processor Information for processor 8
  Max Mhz: 2100, Current Mhz: 1500, Mhz Limit: 1491
Processor Information for processor 9
  Max Mhz: 2100, Current Mhz: 1500, Mhz Limit: 1491
Processor Information for processor 10
  Max Mhz: 2100, Current Mhz: 1500, Mhz Limit: 1491
Processor Information for processor 11
  Max Mhz: 2100, Current Mhz: 1500, Mhz Limit: 1491
Processor Information for processor 12
  Max Mhz: 2100, Current Mhz: 1500, Mhz Limit: 1491
Processor Information for processor 13
  Max Mhz: 2100, Current Mhz: 1500, Mhz Limit: 1491
Processor Information for processor 14
  Max Mhz: 2100, Current Mhz: 1500, Mhz Limit: 1491
Processor Information for processor 15
  Max Mhz: 2100, Current Mhz: 1500, Mhz Limit: 1491

Memory: 4k page, system-wide physical 16052M (1545M free)
TotalPageFile size 22648M (AvailPageFile size 3M)
current process WorkingSet (physical memory assigned to process): 188M, peak: 188M
current process commit charge ("private bytes"): 417M, peak: 417M

vm_info: OpenJDK 64-Bit Server VM (22.0.2+9-70) for windows-amd64 JRE (22.0.2+9-70), built on 2024-06-04T16:52:23Z by "mach5one" with MS VC++ 17.6 (VS2022)

END.
