#
# There is insufficient memory for the Java Runtime Environment to continue.
# Native memory allocation (mmap) failed to map 264241152 bytes. Error detail: G1 virtual space
# Possible reasons:
#   The system is out of physical RAM or swap space
#   This process is running with CompressedOops enabled, and the Java Heap may be blocking the growth of the native heap
# Possible solutions:
#   Reduce memory load on the system
#   Increase physical memory or swap space
#   Check if swap backing store is full
#   Decrease Java heap size (-Xmx/-Xms)
#   Decrease number of Java threads
#   Decrease Java thread stack sizes (-Xss)
#   Set larger code cache with -XX:ReservedCodeCacheSize=
#   JVM is running with Zero Based Compressed Oops mode in which the Java heap is
#     placed in the first 32GB address space. The Java Heap base address is the
#     maximum limit for the native heap growth. Please use -XX:HeapBaseMinAddress
#     to set the Java Heap base and to place the Java Heap above 32GB virtual address.
# This output file may be truncated or incomplete.
#
#  Out of Memory Error (os_windows.cpp:3631), pid=13940, tid=16120
#
# JRE version:  (22.0.2+9) (build )
# Java VM: Java HotSpot(TM) 64-Bit Server VM (22.0.2+9-70, mixed mode, sharing, tiered, compressed oops, compressed class ptrs, g1 gc, windows-amd64)
# No core dump will be written. Minidumps are not enabled by default on client versions of Windows
#

---------------  S U M M A R Y ------------

Command Line: -Dfile.encoding=windows-1252 -Duser.country=US -Duser.language=en -Duser.variant rmi.RMIServer

Host: 12th Gen Intel(R) Core(TM) i7-1260P, 16 cores, 15G,  Windows 11 , 64 bit Build 22621 (10.0.22621.5124)
Time: Mon Apr 28 15:18:50 2025 SE Asia Standard Time elapsed time: 0.007628 seconds (0d 0h 0m 0s)

---------------  T H R E A D  ---------------

Current thread (0x000001e54455b900):  JavaThread "Unknown thread" [_thread_in_vm, id=16120, stack(0x00000045ec200000,0x00000045ec300000) (1024K)]

Stack: [0x00000045ec200000,0x00000045ec300000]
Native frames: (J=compiled Java code, j=interpreted, Vv=VM code, C=native code)
V  [jvm.dll+0x6e26e9]  (no source info available)
V  [jvm.dll+0x875753]  (no source info available)
V  [jvm.dll+0x877b7e]  (no source info available)
V  [jvm.dll+0x878253]  (no source info available)
V  [jvm.dll+0x27fc86]  (no source info available)
V  [jvm.dll+0x6ded85]  (no source info available)
V  [jvm.dll+0x6d388a]  (no source info available)
V  [jvm.dll+0x358b8a]  (no source info available)
V  [jvm.dll+0x3610b6]  (no source info available)
V  [jvm.dll+0x3b419e]  (no source info available)
V  [jvm.dll+0x3b4448]  (no source info available)
V  [jvm.dll+0x32c5ec]  (no source info available)
V  [jvm.dll+0x32d258]  (no source info available)
V  [jvm.dll+0x83d5ac]  (no source info available)
V  [jvm.dll+0x3c10d1]  (no source info available)
V  [jvm.dll+0x8264cc]  (no source info available)
V  [jvm.dll+0x45bd5e]  (no source info available)
V  [jvm.dll+0x45dbe1]  (no source info available)
C  [jli.dll+0x52a3]  (no source info available)
C  [ucrtbase.dll+0x29333]  (no source info available)
C  [KERNEL32.DLL+0x1259d]  (no source info available)
C  [ntdll.dll+0x5af38]  (no source info available)


---------------  P R O C E S S  ---------------

Threads class SMR info:
_java_thread_list=0x00007ffd60d7c1c8, length=0, elements={
}

Java Threads: ( => current thread )
Total: 0

Other Threads:
  0x000001e5445be550 WorkerThread "GC Thread#0"                     [id=12260, stack(0x00000045ec300000,0x00000045ec400000) (1024K)]
  0x000001e5445cf1c0 ConcurrentGCThread "G1 Main Marker"            [id=3856, stack(0x00000045ec400000,0x00000045ec500000) (1024K)]
  0x000001e5445d1480 WorkerThread "G1 Conc#0"                       [id=20108, stack(0x00000045ec500000,0x00000045ec600000) (1024K)]

[error occurred during error reporting (printing all threads), id 0xc0000005, EXCEPTION_ACCESS_VIOLATION (0xc0000005) at pc=0x00007ffd604cf517]
VM state: not at safepoint (not fully initialized)

VM Mutex/Monitor currently owned by a thread:  ([mutex/lock_event])
[0x00007ffd60dfcc80] Heap_lock - owner thread: 0x000001e54455b900

Heap address: 0x0000000705200000, size: 4014 MB, Compressed Oops mode: Zero based, Oop shift amount: 3

CDS archive(s) mapped at: [0x0000000000000000-0x0000000000000000-0x0000000000000000), size 0, SharedBaseAddress: 0x0000000800000000, ArchiveRelocationMode: 1.
Narrow klass base: 0x0000000000000000, Narrow klass shift: 0, Narrow klass range: 0x0

GC Precious Log:
 CardTable entry size: 512
 Card Set container configuration: InlinePtr #cards 4 size 8 Array Of Cards #cards 16 size 48 Howl #buckets 8 coarsen threshold 3686 Howl Bitmap #cards 512 size 80 coarsen threshold 460 Card regions per heap region 1 cards per card region 4096

Heap:
 garbage-first heap   total reserved 4110336K, committed 0K, used 0K [0x0000000705200000, 0x0000000800000000)
  region size 2048K, 0 young (0K), 0 survivors (0K)

[error occurred during error reporting (printing heap information), id 0xc0000005, EXCEPTION_ACCESS_VIOLATION (0xc0000005) at pc=0x00007ffd608ce869]
GC Heap History (0 events):
No events

Dll operation events (1 events):
Event: 0.005 Loaded shared library C:\Program Files\Java\jdk-22\bin\java.dll

Deoptimization events (0 events):
No events

Classes loaded (0 events):
No events

Classes unloaded (0 events):
No events

Classes redefined (0 events):
No events

Internal exceptions (0 events):
No events

ZGC Phase Switch (0 events):
No events

VM Operations (0 events):
No events

Memory protections (0 events):
No events

Nmethod flushes (0 events):
No events

Events (0 events):
No events


Dynamic libraries:
0x00007ff64f720000 - 0x00007ff64f730000 	C:\Program Files\Java\jdk-22\bin\java.exe
0x00007ffdde1b0000 - 0x00007ffdde3c7000 	C:\windows\SYSTEM32\ntdll.dll
0x00007ffddd310000 - 0x00007ffddd3d4000 	C:\windows\System32\KERNEL32.DLL
0x00007ffddba40000 - 0x00007ffddbe13000 	C:\windows\System32\KERNELBASE.dll
0x00007ffddb5d0000 - 0x00007ffddb6e1000 	C:\windows\System32\ucrtbase.dll
0x00007ffdd0ff0000 - 0x00007ffdd100b000 	C:\Program Files\Java\jdk-22\bin\VCRUNTIME140.dll
0x00007ffdca6e0000 - 0x00007ffdca6f7000 	C:\Program Files\Java\jdk-22\bin\jli.dll
0x00007ffddc4d0000 - 0x00007ffddc681000 	C:\windows\System32\USER32.dll
0x00007ffddbe20000 - 0x00007ffddbe46000 	C:\windows\System32\win32u.dll
0x00007ffdba740000 - 0x00007ffdba9d8000 	C:\windows\WinSxS\amd64_microsoft.windows.common-controls_6595b64144ccf1df_6.0.22621.5124_none_270e8f4f7386d69d\COMCTL32.dll
0x00007ffddd700000 - 0x00007ffddd729000 	C:\windows\System32\GDI32.dll
0x00007ffddc420000 - 0x00007ffddc4c7000 	C:\windows\System32\msvcrt.dll
0x00007ffddb920000 - 0x00007ffddba3b000 	C:\windows\System32\gdi32full.dll
0x00007ffddb500000 - 0x00007ffddb59a000 	C:\windows\System32\msvcp_win.dll
0x00007ffddcfb0000 - 0x00007ffddcfe1000 	C:\windows\System32\IMM32.DLL
0x00007ffdcb4b0000 - 0x00007ffdcb4bc000 	C:\Program Files\Java\jdk-22\bin\vcruntime140_1.dll
0x00007ffd76fb0000 - 0x00007ffd7703e000 	C:\Program Files\Java\jdk-22\bin\msvcp140.dll
0x00007ffd60190000 - 0x00007ffd60ed9000 	C:\Program Files\Java\jdk-22\bin\server\jvm.dll
0x00007ffddd7b0000 - 0x00007ffddd861000 	C:\windows\System32\ADVAPI32.dll
0x00007ffddc350000 - 0x00007ffddc3f8000 	C:\windows\System32\sechost.dll
0x00007ffddb5a0000 - 0x00007ffddb5c8000 	C:\windows\System32\bcrypt.dll
0x00007ffddd190000 - 0x00007ffddd2a4000 	C:\windows\System32\RPCRT4.dll
0x00007ffddc2d0000 - 0x00007ffddc341000 	C:\windows\System32\WS2_32.dll
0x00007ffddb0e0000 - 0x00007ffddb12d000 	C:\windows\SYSTEM32\POWRPROF.dll
0x00007ffdd4210000 - 0x00007ffdd4244000 	C:\windows\SYSTEM32\WINMM.dll
0x00007ffdccc20000 - 0x00007ffdccc2a000 	C:\windows\SYSTEM32\VERSION.dll
0x00007ffddb0c0000 - 0x00007ffddb0d3000 	C:\windows\SYSTEM32\UMPDC.dll
0x00007ffdda2d0000 - 0x00007ffdda2e8000 	C:\windows\SYSTEM32\kernel.appcore.dll
0x00007ffdcb460000 - 0x00007ffdcb46a000 	C:\Program Files\Java\jdk-22\bin\jimage.dll
0x00007ffdd8af0000 - 0x00007ffdd8d22000 	C:\windows\SYSTEM32\DBGHELP.DLL
0x00007ffdddc20000 - 0x00007ffdddfb2000 	C:\windows\System32\combase.dll
0x00007ffdddb40000 - 0x00007ffdddc17000 	C:\windows\System32\OLEAUT32.dll
0x00007ffdbaab0000 - 0x00007ffdbaae2000 	C:\windows\SYSTEM32\dbgcore.DLL
0x00007ffddb480000 - 0x00007ffddb4fb000 	C:\windows\System32\bcryptPrimitives.dll
0x00007ffdabed0000 - 0x00007ffdabeee000 	C:\Program Files\Java\jdk-22\bin\java.dll
0x00007ffddc710000 - 0x00007ffddcfa6000 	C:\windows\System32\SHELL32.dll
0x00007ffddb340000 - 0x00007ffddb47f000 	C:\windows\System32\wintypes.dll
0x00007ffddd980000 - 0x00007ffdddb21000 	C:\windows\System32\ole32.dll

dbghelp: loaded successfully - version: 4.0.5 - missing functions: none
symbol engine: initialized successfully - sym options: 0x614 - pdb path: .;C:\Program Files\Java\jdk-22\bin;C:\windows\SYSTEM32;C:\windows\WinSxS\amd64_microsoft.windows.common-controls_6595b64144ccf1df_6.0.22621.5124_none_270e8f4f7386d69d;C:\Program Files\Java\jdk-22\bin\server

VM Arguments:
jvm_args: -Dfile.encoding=windows-1252 -Duser.country=US -Duser.language=en -Duser.variant 
java_command: rmi.RMIServer
java_class_path (initial): D:\Dai_hoc\Cac_mon_hoc\Ky_6\Phan_tan\Tai_lieu\DreamLand\build\classes\java\main;D:\Dai_hoc\Cac_mon_hoc\Ky_6\Phan_tan\Tai_lieu\DreamLand\build\resources\main;D:\Dai_hoc\Cac_mon_hoc\Ky_6\Phan_tan\Tai_lieu\DreamLand\libs\jBCrypt-0.4.1.jar;D:\Dai_hoc\Cac_mon_hoc\Ky_6\Phan_tan\Tai_lieu\DreamLand\libs\jfreechart-1.5.3.jar;C:\Users\HP\.gradle\caches\modules-2\files-2.1\org.hibernate.orm\hibernate-core\6.3.1.Final\1101d7e09e4853a110fd27a6f35c906f5709ac4f\hibernate-core-6.3.1.Final.jar;C:\Users\HP\.gradle\caches\modules-2\files-2.1\org.glassfish.jaxb\jaxb-runtime\4.0.3\93af25be25b2c92c83e0ce61cb8b3ed23568f316\jaxb-runtime-4.0.3.jar;C:\Users\HP\.gradle\caches\modules-2\files-2.1\org.mariadb.jdbc\mariadb-java-client\3.5.1\1151269d76927b782351eaa15e981c56abc7717f\mariadb-java-client-3.5.1.jar;C:\Users\HP\.gradle\caches\modules-2\files-2.1\com.microsoft.sqlserver\mssql-jdbc\12.3.0.jre17-preview\5e79e381f21973616df467505587863372fceb20\mssql-jdbc-12.3.0.jre17-preview.jar;C:\Users\HP\.gradle\caches\modules-2\files-2.1\net.datafaker\datafaker\2.4.2\31e4d39832ebfb3a609f3abcaa84d8a7be123603\datafaker-2.4.2.jar;C:\Users\HP\.gradle\caches\modules-2\files-2.1\org.eclipse\yasson\3.0.4\753ef0c3a1d48eb3abbb841a7a47f97073c3c028\yasson-3.0.4.jar;C:\Users\HP\.gradle\caches\modules-2\files-2.1\org.eclipse.parsson\parsson\1.1.7\f5825abecd373006262dd319d7df8c5cdbd140ca\parsson-1.1.7.jar;C:\Users\HP\.gradle\caches\modules-2\files-2.1\jakarta.json\jakarta.json-api\2.1.3\4febd83e1d9d1561d078af460ecd19532383735c\jakarta.json-api-2.1.3.jar;C:\Users\HP\.gradle\caches\modules-2\files-2.1\jakarta.json.bind\jakarta.json.bind-api\3.0.1\af7f10b8aa6475b6f6cc9d47ad85748629d05b79\jakarta.json.bind-api-3.0.1.jar;C:\Users\HP\.gradle\caches\modules-2\files-2.1\org.glassfish.jaxb\jaxb-core\4.0.3\e9093b4a82069a1d78ee9a3233ca387bca88861f\jaxb-core-4.0.3.jar;C:\Users\HP\.gradle\caches\modules-2\files-2.1\com.github.waffle\waffle-jna\3.3.0\6c1a06b345702bb1dfd77006af926b091bded851\waffle-jna-3.3.0.jar;C:\Users\HP\.gradle\caches\modules-2\files-2.1\org.yaml\snakeyaml\2.3\936b36210e27320f920536f695cf1af210c44586\snakeyaml-2.3.jar;C:\Users\HP\.gradle\caches\modules-2\files-2.1\com.github.curious-odd-man\rgxgen\2.0\43d0a91c7c90a3427dc88c42853649b3eb1207e2\rgxgen-2.0.jar;C:\Users\HP\.gradle\caches\modules-2\files-2.1\com.googlecode.libphonenumber\libphonenumber\8.13.50\83a825f513d014c45c494f8a9ed75357e027176c\libphonenumber-8.13.50.jar;C:\Users\HP\.gradle\caches\modules-2\files-2.1\jakarta.persistence\jakarta.persistence-api\3.1.0\66901fa1c373c6aff65c13791cc11da72060a8d6\jakarta.persistence-api-3.1.0.jar;C:\Users\HP\.gradle\caches\modules-2\files-2.1\jakarta.transaction\jakarta.transaction-api\2.0.1\51a520e3fae406abb84e2e1148e6746ce3f80a1a\jakarta.transaction-api-2.0.1.jar;C:\Users\HP\.gradle\caches\modules-2\files-2.1\org.jboss.logging\jboss-logging\3.5.0.Final\c19307cc11f28f5e2679347e633a3294d865334d\jboss-logging-3.5.0.Final.jar;C:\Users\HP\.gradle\caches\modules-2\files-2.1\org.hibernate.common\hibernate-commons-annotations\6.0.6.Final\77a5f94b56d49508e0ee334751db5b78e5ccd50c\hibernate-commons-annotations-6.0.6.Final.jar;C:\Users\HP\.gradle\caches\modules-2\files-2.1\io.smallrye\jandex\3.1.2\a6c1c89925c7df06242b03dddb353116ceb9584c\jandex-3.1.2.jar;C:\Users\HP\.gradle\caches\modules-2\files-2.1\com.fasterxml\classmate\1.5.1\3fe0bed568c62df5e89f4f174c101eab25345b6c\classmate-1.5.1.jar;C:\Users\HP\.gradle\caches\modules-2\files-2.1\net.bytebuddy\byte-buddy\1.14.7\34efde5f0bb93afc94aaf9d400521899c4806873\byte-buddy-1.14.7.jar;C:\Users\HP\.gradle\caches\modules-2\files-2.1\jakarta.xml.bind\jakarta.xml.bind-api\4.0.0\bbb399208d288b15ec101fa4fcfc4bd77cedc97a\jakarta.xml.bind-api-4.0.0.jar;C:\Users\HP\.gradle\caches\modules-2\files-2.1\jakarta.inject\jakarta.inject-api\2.0.1\4c28afe1991a941d7702fe1362c365f0a8641d1e\jakarta.inject-api-2.0.1.jar;C:\Users\HP\.gradle\caches\modules-2\files-2.1\org.antlr\antlr4-runtime\4.10.1\10839f875928f59c622d675091d51a43ea0dc5f7\antlr4-runtime-4.10.1.jar;C:\Users\HP\.gradle\caches\modules-2\files-2.1\org.eclipse.angus\angus-activation\2.0.1\eaafaf4eb71b400e4136fc3a286f50e34a68ecb7\angus-activation-2.0.1.jar;C:\Users\HP\.gradle\caches\modules-2\files-2.1\jakarta.activation\jakarta.activation-api\2.1.2\640c0d5aff45dbff1e1a1bc09673ff3a02b1ba12\jakarta.activation-api-2.1.2.jar;C:\Users\HP\.gradle\caches\modules-2\files-2.1\org.glassfish.jaxb\txw2\4.0.3\47b8fe31c6d1a3382203af919400527389e01e9c\txw2-4.0.3.jar;C:\Users\HP\.gradle\caches\modules-2\files-2.1\com.sun.istack\istack-commons-runtime\4.1.2\18ec117c85f3ba0ac65409136afa8e42bc74e739\istack-commons-runtime-4.1.2.jar;C:\Users\HP\.gradle\caches\modules-2\files-2.1\net.java.dev.jna\jna-platform\5.13.0\88e9a306715e9379f3122415ef4ae759a352640d\jna-platform-5.13.0.jar;C:\Users\HP\.gradle\caches\modules-2\files-2.1\net.java.dev.jna\jna\5.13.0\1200e7ebeedbe0d10062093f32925a912020e747\jna-5.13.0.jar;C:\Users\HP\.gradle\caches\modules-2\files-2.1\org.slf4j\jcl-over-slf4j\2.0.7\f127fe5ee53404a8b3697cdd032dd1dd6a29dd77\jcl-over-slf4j-2.0.7.jar;C:\Users\HP\.gradle\caches\modules-2\files-2.1\org.slf4j\slf4j-api\2.0.7\41eb7184ea9d556f23e18b5cb99cad1f8581fc00\slf4j-api-2.0.7.jar;C:\Users\HP\.gradle\caches\modules-2\files-2.1\com.github.ben-manes.caffeine\caffeine\2.9.3\b162491f768824d21487551873f9b3b374a7fe19\caffeine-2.9.3.jar;C:\Users\HP\.gradle\caches\modules-2\files-2.1\org.checkerframework\checker-qual\3.32.0\54ebd61f46b58b862c779e034073a93489ab3faf\checker-qual-3.32.0.jar;C:\Users\HP\.gradle\caches\modules-2\files-2.1\com.google.errorprone\error_prone_annotations\2.10.0\9bc20b94d3ac42489cf6ce1e42509c86f6f861a1\error_prone_annotations-2.10.0.jar
Launcher Type: SUN_STANDARD

[Global flags]
     intx CICompilerCount                          = 12                                        {product} {ergonomic}
     uint ConcGCThreads                            = 3                                         {product} {ergonomic}
     uint G1ConcRefinementThreads                  = 13                                        {product} {ergonomic}
   size_t G1HeapRegionSize                         = 2097152                                   {product} {ergonomic}
   size_t InitialHeapSize                          = 264241152                                 {product} {ergonomic}
   size_t MarkStackSize                            = 4194304                                   {product} {ergonomic}
   size_t MaxHeapSize                              = 4208984064                                {product} {ergonomic}
   size_t MinHeapDeltaBytes                        = 2097152                                   {product} {ergonomic}
   size_t MinHeapSize                              = 8388608                                   {product} {ergonomic}
    uintx NonNMethodCodeHeapSize                   = 7602480                                {pd product} {ergonomic}
    uintx NonProfiledCodeHeapSize                  = 122027880                              {pd product} {ergonomic}
    uintx ProfiledCodeHeapSize                     = 122027880                              {pd product} {ergonomic}
    uintx ReservedCodeCacheSize                    = 251658240                              {pd product} {ergonomic}
     bool SegmentedCodeCache                       = true                                      {product} {ergonomic}
   size_t SoftMaxHeapSize                          = 4208984064                             {manageable} {ergonomic}
     bool UseCompressedOops                        = true                           {product lp64_product} {ergonomic}
     bool UseG1GC                                  = true                                      {product} {ergonomic}
     bool UseLargePagesIndividualAllocation        = false                                  {pd product} {ergonomic}

Logging:
Log output configuration:
 #0: stdout all=warning uptime,level,tags foldmultilines=false
 #1: stderr all=off uptime,level,tags foldmultilines=false

Environment Variables:
PATH=C:\Program Files\Common Files\Oracle\Java\javapath;C:\Program Files\Microsoft MPI\Bin\;C:\Program Files (x86)\Common Files\Intel\Shared Files\cpp\bin\Intel64;C:\windows\system32;C:\windows;C:\windows\System32\Wbem;C:\windows\System32\WindowsPowerShell\v1.0\;C:\windows\System32\OpenSSH\;C:\Program Files\HP\HP One Agent;C:\Program Files\MongoDB\Server\6.0\bin;C:\Program Files\MongoDB\Tools\100\bin;D:\Dai_hoc\temp\ffmpeg-2024-11-06-git-4047b887fc-full_build\ffmpeg-2024-11-06-git-4047b887fc-full_build\bin;C:\Program Files\Git\cmd;C:\Program Files\Docker\Docker\resources\bin;C:\Program Files (x86)\Microsoft SQL Server\110\Tools\Binn\ManagementStudio\;C:\Program Files (x86)\Microsoft SQL Server\110\Tools\Binn\;C:\Program Files\Microsoft SQL Server\110\Tools\Binn\;C:\Program Files (x86)\Microsoft SQL Server\110\DTS\Binn\;C:\Program Files\Microsoft SQL Server\110\DTS\Binn\;C:\Program Files (x86)\Microsoft Visual Studio 10.0\Common7\IDE\PrivateAssemblies\;C:\Users\HP\AppData\Local\Programs\Python\Python37\Scripts\;C:\Users\HP\AppData\Local\Programs\Python\Python37\;C:\Program Files (x86)\Common Files\Oracle\Java\java8path;C:\Program Files (x86)\Common Files\Oracle\Java\javapath;C:\Program Files\Microsoft MPI\Bin\;C:\Program Files (x86)\Common Files\Intel\Shared Files\cpp\bin\Intel64;C:\windows\system32;C:\windows;C:\windows\System32\Wbem;C:\windows\System32\WindowsPowerShell\v1.0\;C:\windows\System32\OpenSSH\;C:\Program Files\HP\HP One Agent;C:\Program Files\MongoDB\Server\6.0\bin;C:\Program Files\MongoDB\Tools\100\bin;D:\Dai_hoc\temp\ffmpeg-2024-11-06-git-4047b887fc-full_build\ffmpeg-2024-11-06-git-4047b887fc-full_build\bin;C:\Program Files\Git\cmd;C:\Program Files\Docker\Docker\resources\bin;D:\Dai_hoc\App\python3.8.8\Scripts\;D:\Dai_hoc\App\python3.8.8\;D:\Dai_hoc\App\python\python3.9.13\Scripts\;D:\Dai_hoc\App\python\python3.9.13\;D:\Dai_hoc\App\python\python3.8\Scripts\;D:\Dai_hoc\App\python\python3.8\;D:\Dai_hoc\App\python\python3.10\Scripts\;D:\Dai_hoc\App\python\python3.10\;D:\Dai_hoc\App\python\python3.7\Scripts\;D:\Dai_hoc\App\python\python3.7\;D:\Dai_hoc\App\;C:\Program Files (x86)\Microsoft Visual Studio\2022\BuildTools\VC\Tools\MSVC\14.42.34433\bin\Hostx64\x64;C:\Program Files (x86)\Windows Kits\10\Include\10.0.22621.0\ucrt;C:\Users\HP\AppData\Local\Programs\Microsoft VS Code\bin;D:\Dai_hoc\App\windsurf\Windsurf\bin;D:\Dai_hoc\App\ffmpeg-2025-04-17-git-7684243fbe-essentials_build\ffmpeg-2025-04-17-git-7684243fbe-essentials_build\bin;
USERNAME=HP
OS=Windows_NT
PROCESSOR_IDENTIFIER=Intel64 Family 6 Model 154 Stepping 3, GenuineIntel
TMP=C:\Users\HP\AppData\Local\Temp
TEMP=C:\Users\HP\AppData\Local\Temp




Periodic native trim disabled

---------------  S Y S T E M  ---------------

OS:
 Windows 11 , 64 bit Build 22621 (10.0.22621.5124)
OS uptime: 0 days 4:57 hours
Hyper-V role detected

CPU: total 16 (initial active 16) (8 cores per cpu, 2 threads per core) family 6 model 154 stepping 3 microcode 0x42c, cx8, cmov, fxsr, ht, mmx, 3dnowpref, sse, sse2, sse3, ssse3, sse4.1, sse4.2, popcnt, lzcnt, tsc, tscinvbit, avx, avx2, aes, erms, clmul, bmi1, bmi2, adx, sha, fma, vzeroupper, clflush, clflushopt, clwb, hv, serialize, rdtscp, rdpid, fsrm, f16c, cet_ibt, cet_ss
Processor Information for processor 0
  Max Mhz: 2100, Current Mhz: 2100, Mhz Limit: 2100
Processor Information for processor 1
  Max Mhz: 2100, Current Mhz: 2100, Mhz Limit: 2100
Processor Information for processor 2
  Max Mhz: 2100, Current Mhz: 2100, Mhz Limit: 2100
Processor Information for processor 3
  Max Mhz: 2100, Current Mhz: 1453, Mhz Limit: 2100
Processor Information for processor 4
  Max Mhz: 2100, Current Mhz: 2100, Mhz Limit: 2100
Processor Information for processor 5
  Max Mhz: 2100, Current Mhz: 2100, Mhz Limit: 2100
Processor Information for processor 6
  Max Mhz: 2100, Current Mhz: 2100, Mhz Limit: 2100
Processor Information for processor 7
  Max Mhz: 2100, Current Mhz: 2100, Mhz Limit: 2100
Processor Information for processor 8
  Max Mhz: 2100, Current Mhz: 1500, Mhz Limit: 1491
Processor Information for processor 9
  Max Mhz: 2100, Current Mhz: 1500, Mhz Limit: 1491
Processor Information for processor 10
  Max Mhz: 2100, Current Mhz: 1500, Mhz Limit: 1491
Processor Information for processor 11
  Max Mhz: 2100, Current Mhz: 1500, Mhz Limit: 1491
Processor Information for processor 12
  Max Mhz: 2100, Current Mhz: 1500, Mhz Limit: 1491
Processor Information for processor 13
  Max Mhz: 2100, Current Mhz: 1500, Mhz Limit: 1491
Processor Information for processor 14
  Max Mhz: 2100, Current Mhz: 1500, Mhz Limit: 1491
Processor Information for processor 15
  Max Mhz: 2100, Current Mhz: 1500, Mhz Limit: 1491

Memory: 4k page, system-wide physical 16052M (1921M free)
TotalPageFile size 21892M (AvailPageFile size 92M)
current process WorkingSet (physical memory assigned to process): 12M, peak: 12M
current process commit charge ("private bytes"): 71M, peak: 323M

vm_info: Java HotSpot(TM) 64-Bit Server VM (22.0.2+9-70) for windows-amd64 JRE (22.0.2+9-70), built on 2024-06-04T16:52:23Z by "mach5one" with MS VC++ 17.6 (VS2022)

END.
